2026-01-05 21:19:24 INFO  [correlationId=] [traceId= spanId=] Transaction_Service.com.TransactionServiceApplication - Starting TransactionServiceApplication using Java 17.0.3.1 with PID 34716 (C:\Users\akash\Documents\workspace-spring-tools-for-eclipse-4.32.2.RELEASE\Banking\Transaction_Service\target\classes started by akash in C:\Users\akash\Documents\workspace-spring-tools-for-eclipse-4.32.2.RELEASE\Banking\Transaction_Service)
2026-01-05 21:19:24 INFO  [correlationId=] [traceId= spanId=] Transaction_Service.com.TransactionServiceApplication - No active profile set, falling back to 1 default profile: "default"
2026-01-05 21:19:24 INFO  [correlationId=] [traceId= spanId=] org.springframework.cloud.config.client.ConfigServerConfigDataLoader - Fetching config from server at : http://localhost:8002
2026-01-05 21:19:24 INFO  [correlationId=] [traceId= spanId=] org.springframework.cloud.config.client.ConfigServerConfigDataLoader - Located environment: name=Transaction_Service, profiles=[default], label=null, version=a05ea05159fa0aa328a29eecc70d8ff5543ff2e5, state=
2026-01-05 21:19:25 INFO  [correlationId=] [traceId= spanId=] org.springframework.data.repository.config.RepositoryConfigurationDelegate - Bootstrapping Spring Data JPA repositories in DEFAULT mode.
2026-01-05 21:19:25 INFO  [correlationId=] [traceId= spanId=] org.springframework.data.repository.config.RepositoryConfigurationDelegate - Finished Spring Data repository scanning in 15 ms. Found 1 JPA repository interface.
2026-01-05 21:19:25 INFO  [correlationId=] [traceId= spanId=] org.springframework.cloud.context.scope.GenericScope - BeanFactory id=4211d30d-1103-306d-a482-16998226206a
2026-01-05 21:19:25 INFO  [correlationId=] [traceId= spanId=] org.springframework.boot.web.embedded.tomcat.TomcatWebServer - Tomcat initialized with port 8084 (http)
2026-01-05 21:19:25 INFO  [correlationId=] [traceId= spanId=] org.apache.coyote.http11.Http11NioProtocol - Initializing ProtocolHandler ["http-nio-8084"]
2026-01-05 21:19:25 INFO  [correlationId=] [traceId= spanId=] org.apache.catalina.core.StandardService - Starting service [Tomcat]
2026-01-05 21:19:25 INFO  [correlationId=] [traceId= spanId=] org.apache.catalina.core.StandardEngine - Starting Servlet engine: [Apache Tomcat/10.1.50]
2026-01-05 21:19:25 INFO  [correlationId=] [traceId= spanId=] org.apache.catalina.core.ContainerBase.[Tomcat].[localhost].[/] - Initializing Spring embedded WebApplicationContext
2026-01-05 21:19:25 INFO  [correlationId=] [traceId= spanId=] org.springframework.boot.web.servlet.context.ServletWebServerApplicationContext - Root WebApplicationContext: initialization completed in 741 ms
2026-01-05 21:19:25 INFO  [correlationId=] [traceId= spanId=] org.hibernate.jpa.internal.util.LogHelper - HHH000204: Processing PersistenceUnitInfo [name: default]
2026-01-05 21:19:25 INFO  [correlationId=] [traceId= spanId=] org.hibernate.cache.internal.RegionFactoryInitiator - HHH000026: Second-level cache disabled
2026-01-05 21:19:25 INFO  [correlationId=] [traceId= spanId=] org.springframework.orm.jpa.persistenceunit.SpringPersistenceUnitInfo - No LoadTimeWeaver setup: ignoring JPA class transformer
2026-01-05 21:19:25 INFO  [correlationId=] [traceId= spanId=] com.zaxxer.hikari.HikariDataSource - HikariPool-3 - Starting...
2026-01-05 21:19:25 INFO  [correlationId=] [traceId= spanId=] com.zaxxer.hikari.pool.HikariPool - HikariPool-3 - Added connection com.mysql.cj.jdbc.ConnectionImpl@5a083f16
2026-01-05 21:19:25 INFO  [correlationId=] [traceId= spanId=] com.zaxxer.hikari.HikariDataSource - HikariPool-3 - Start completed.
2026-01-05 21:19:25 INFO  [correlationId=] [traceId= spanId=] org.hibernate.orm.connections.pooling - HHH10001005: Database info:
	Database JDBC URL [Connecting through datasource 'HikariDataSource (HikariPool-3)']
	Database driver: undefined/unknown
	Database version: 8.0.33
	Autocommit mode: undefined/unknown
	Isolation level: undefined/unknown
	Minimum pool size: undefined/unknown
	Maximum pool size: undefined/unknown
2026-01-05 21:19:25 INFO  [correlationId=] [traceId= spanId=] org.hibernate.engine.transaction.jta.platform.internal.JtaPlatformInitiator - HHH000489: No JTA platform available (set 'hibernate.transaction.jta.platform' to enable JTA platform integration)
2026-01-05 21:19:25 INFO  [correlationId=] [traceId= spanId=] org.springframework.orm.jpa.LocalContainerEntityManagerFactoryBean - Initialized JPA EntityManagerFactory for persistence unit 'default'
2026-01-05 21:19:25 WARN  [correlationId=] [traceId= spanId=] org.springframework.boot.autoconfigure.orm.jpa.JpaBaseConfiguration$JpaWebConfiguration - spring.jpa.open-in-view is enabled by default. Therefore, database queries may be performed during view rendering. Explicitly configure spring.jpa.open-in-view to disable this warning
2026-01-05 21:19:26 WARN  [correlationId=] [traceId= spanId=] org.springframework.boot.devtools.autoconfigure.OptionalLiveReloadServer - Unable to start LiveReload server
2026-01-05 21:19:26 INFO  [correlationId=] [traceId= spanId=] org.springframework.boot.actuate.endpoint.web.EndpointLinksResolver - Exposing 1 endpoint beneath base path '/actuator'
2026-01-05 21:19:26 INFO  [correlationId=] [traceId= spanId=] org.apache.coyote.http11.Http11NioProtocol - Starting ProtocolHandler ["http-nio-8084"]
2026-01-05 21:19:26 INFO  [correlationId=] [traceId= spanId=] org.springframework.boot.web.embedded.tomcat.TomcatWebServer - Tomcat started on port 8084 (http) with context path '/'
2026-01-05 21:19:26 INFO  [correlationId=] [traceId= spanId=] Transaction_Service.com.TransactionServiceApplication - Started TransactionServiceApplication in 4.0 seconds (process running for 1269.02)
2026-01-05 21:19:26 INFO  [correlationId=] [traceId= spanId=] org.springframework.boot.devtools.autoconfigure.ConditionEvaluationDeltaLoggingListener - Condition evaluation unchanged
2026-01-05 21:19:47 INFO  [correlationId=] [traceId= spanId=] org.apache.catalina.core.ContainerBase.[Tomcat].[localhost].[/] - Initializing Spring DispatcherServlet 'dispatcherServlet'
2026-01-05 21:19:47 INFO  [correlationId=] [traceId= spanId=] org.springframework.web.servlet.DispatcherServlet - Initializing Servlet 'dispatcherServlet'
2026-01-05 21:19:47 INFO  [correlationId=] [traceId= spanId=] org.springframework.web.servlet.DispatcherServlet - Completed initialization in 2 ms
2026-01-05 21:19:47 INFO  [correlationId=7ebc8cd4-5c5f-447a-84e3-bb1566d5c447] [traceId=d93327fff4c899e5cad2ade936751869 spanId=dc0621571c269daa] Transaction_Service.com.Controller.TransactionController - Transfer request received | fromAccount=ACCO202512180001 | toAccount=ACCO202512180002 | amount=60
2026-01-05 21:19:47 INFO  [correlationId=7ebc8cd4-5c5f-447a-84e3-bb1566d5c447] [traceId=d93327fff4c899e5cad2ade936751869 spanId=dc0621571c269daa] Transaction_Service.com.Service.imp.Transaction_Service_imp - Starting transfer | fromAccount=ACCO202512180001 | toAccount=ACCO202512180002 | amount=60
2026-01-05 21:19:47 INFO  [correlationId=7ebc8cd4-5c5f-447a-84e3-bb1566d5c447] [traceId=d93327fff4c899e5cad2ade936751869 spanId=dc0621571c269daa] Transaction_Service.com.Service.imp.Transaction_Service_imp - Transfer successful | referenceId=eaa70e51-4871-48f6-9ac9-599cf93817f4 | fromAccount=ACCO202512180001 | toAccount=ACCO202512180002
2026-01-05 21:19:47 INFO  [correlationId=7ebc8cd4-5c5f-447a-84e3-bb1566d5c447] [traceId=d93327fff4c899e5cad2ade936751869 spanId=dc0621571c269daa] Transaction_Service.com.Controller.TransactionController - Transfer successful | transactionId=TRAN202601050007 | fromAccount=ACCO202512180001 | toAccount=ACCO202512180002 | amount=60
