2025-12-31 11:37:00 INFO  [correlationId=] [traceId= spanId=] Account_Service.com.AccountServiceApplication - Starting AccountServiceApplication using Java 17.0.3.1 with PID 13852 (C:\Users\akash\Documents\workspace-spring-tools-for-eclipse-4.32.2.RELEASE\Banking\Account_Service\target\classes started by akash in C:\Users\akash\Documents\workspace-spring-tools-for-eclipse-4.32.2.RELEASE\Banking\Account_Service)
2025-12-31 11:37:00 INFO  [correlationId=] [traceId= spanId=] Account_Service.com.AccountServiceApplication - No active profile set, falling back to 1 default profile: "default"
2025-12-31 11:37:00 INFO  [correlationId=] [traceId= spanId=] org.springframework.data.repository.config.RepositoryConfigurationDelegate - Bootstrapping Spring Data JPA repositories in DEFAULT mode.
2025-12-31 11:37:00 INFO  [correlationId=] [traceId= spanId=] org.springframework.data.repository.config.RepositoryConfigurationDelegate - Finished Spring Data repository scanning in 13 ms. Found 1 JPA repository interface.
2025-12-31 11:37:00 INFO  [correlationId=] [traceId= spanId=] org.springframework.boot.web.embedded.tomcat.TomcatWebServer - Tomcat initialized with port 8083 (http)
2025-12-31 11:37:00 INFO  [correlationId=] [traceId= spanId=] org.apache.coyote.http11.Http11NioProtocol - Initializing ProtocolHandler ["http-nio-8083"]
2025-12-31 11:37:00 INFO  [correlationId=] [traceId= spanId=] org.apache.catalina.core.StandardService - Starting service [Tomcat]
2025-12-31 11:37:00 INFO  [correlationId=] [traceId= spanId=] org.apache.catalina.core.StandardEngine - Starting Servlet engine: [Apache Tomcat/10.1.50]
2025-12-31 11:37:00 INFO  [correlationId=] [traceId= spanId=] org.apache.catalina.core.ContainerBase.[Tomcat].[localhost].[/] - Initializing Spring embedded WebApplicationContext
2025-12-31 11:37:00 INFO  [correlationId=] [traceId= spanId=] org.springframework.boot.web.servlet.context.ServletWebServerApplicationContext - Root WebApplicationContext: initialization completed in 460 ms
2025-12-31 11:37:00 INFO  [correlationId=] [traceId= spanId=] org.hibernate.jpa.internal.util.LogHelper - HHH000204: Processing PersistenceUnitInfo [name: default]
2025-12-31 11:37:00 INFO  [correlationId=] [traceId= spanId=] org.hibernate.cache.internal.RegionFactoryInitiator - HHH000026: Second-level cache disabled
2025-12-31 11:37:00 INFO  [correlationId=] [traceId= spanId=] org.springframework.orm.jpa.persistenceunit.SpringPersistenceUnitInfo - No LoadTimeWeaver setup: ignoring JPA class transformer
2025-12-31 11:37:00 INFO  [correlationId=] [traceId= spanId=] com.zaxxer.hikari.HikariDataSource - HikariPool-4 - Starting...
2025-12-31 11:37:00 INFO  [correlationId=] [traceId= spanId=] com.zaxxer.hikari.pool.HikariPool - HikariPool-4 - Added connection com.mysql.cj.jdbc.ConnectionImpl@be33f8c
2025-12-31 11:37:00 INFO  [correlationId=] [traceId= spanId=] com.zaxxer.hikari.HikariDataSource - HikariPool-4 - Start completed.
2025-12-31 11:37:00 INFO  [correlationId=] [traceId= spanId=] org.hibernate.orm.connections.pooling - HHH10001005: Database info:
	Database JDBC URL [Connecting through datasource 'HikariDataSource (HikariPool-4)']
	Database driver: undefined/unknown
	Database version: 8.0.33
	Autocommit mode: undefined/unknown
	Isolation level: undefined/unknown
	Minimum pool size: undefined/unknown
	Maximum pool size: undefined/unknown
2025-12-31 11:37:00 INFO  [correlationId=] [traceId= spanId=] org.hibernate.engine.transaction.jta.platform.internal.JtaPlatformInitiator - HHH000489: No JTA platform available (set 'hibernate.transaction.jta.platform' to enable JTA platform integration)
2025-12-31 11:37:00 INFO  [correlationId=] [traceId= spanId=] org.springframework.orm.jpa.LocalContainerEntityManagerFactoryBean - Initialized JPA EntityManagerFactory for persistence unit 'default'
2025-12-31 11:37:00 WARN  [correlationId=] [traceId= spanId=] org.springframework.boot.autoconfigure.orm.jpa.JpaBaseConfiguration$JpaWebConfiguration - spring.jpa.open-in-view is enabled by default. Therefore, database queries may be performed during view rendering. Explicitly configure spring.jpa.open-in-view to disable this warning
2025-12-31 11:37:01 WARN  [correlationId=] [traceId= spanId=] org.springframework.boot.devtools.autoconfigure.OptionalLiveReloadServer - Unable to start LiveReload server
2025-12-31 11:37:01 INFO  [correlationId=] [traceId= spanId=] org.springframework.boot.actuate.endpoint.web.EndpointLinksResolver - Exposing 1 endpoint beneath base path '/actuator'
2025-12-31 11:37:01 INFO  [correlationId=] [traceId= spanId=] org.apache.coyote.http11.Http11NioProtocol - Starting ProtocolHandler ["http-nio-8083"]
2025-12-31 11:37:01 INFO  [correlationId=] [traceId= spanId=] org.springframework.boot.web.embedded.tomcat.TomcatWebServer - Tomcat started on port 8083 (http) with context path '/'
2025-12-31 11:37:01 INFO  [correlationId=] [traceId= spanId=] Account_Service.com.AccountServiceApplication - Started AccountServiceApplication in 0.993 seconds (process running for 492.113)
2025-12-31 11:37:01 INFO  [correlationId=] [traceId= spanId=] org.springframework.boot.devtools.autoconfigure.ConditionEvaluationDeltaLoggingListener - Condition evaluation unchanged
2025-12-31 11:37:46 INFO  [correlationId=] [traceId= spanId=] org.apache.catalina.core.ContainerBase.[Tomcat].[localhost].[/] - Initializing Spring DispatcherServlet 'dispatcherServlet'
2025-12-31 11:37:46 INFO  [correlationId=] [traceId= spanId=] org.springframework.web.servlet.DispatcherServlet - Initializing Servlet 'dispatcherServlet'
2025-12-31 11:37:46 INFO  [correlationId=] [traceId= spanId=] org.springframework.web.servlet.DispatcherServlet - Completed initialization in 2 ms
2025-12-31 11:37:46 INFO  [correlationId=14dd582a-46ca-4481-8b4d-f5be1ace67b3] [traceId=9a8609c5f314c07fe3cf2049e109b652 spanId=40d14ec4ee0440df] Account_Service.com.Controller.AccountController - Apply balance API called | accountId=ACCO202512180002 | balance=7620.00
2025-12-31 11:37:46 INFO  [correlationId=14dd582a-46ca-4481-8b4d-f5be1ace67b3] [traceId=9a8609c5f314c07fe3cf2049e109b652 spanId=40d14ec4ee0440df] Account_Service.com.Service.imp.AccountServiceImp - Apply balance request | accountId=ACCO202512180002 | newBalance=7620.00
2025-12-31 11:37:46 INFO  [correlationId=14dd582a-46ca-4481-8b4d-f5be1ace67b3] [traceId=9a8609c5f314c07fe3cf2049e109b652 spanId=40d14ec4ee0440df] Account_Service.com.Service.imp.AccountServiceImp - Balance updated successfully | accountId=ACCO202512180002 | balance=7620.00
2025-12-31 11:37:46 INFO  [correlationId=14dd582a-46ca-4481-8b4d-f5be1ace67b3] [traceId=9a8609c5f314c07fe3cf2049e109b652 spanId=40d14ec4ee0440df] Account_Service.com.Controller.AccountController - Apply balance successful | accountId=ACCO202512180002 | balance=7620.00
2025-12-31 11:37:46 INFO  [correlationId=14dd582a-46ca-4481-8b4d-f5be1ace67b3] [traceId=44299dd2eb125014bf6b5f945ccd1cbc spanId=da17a906bda05668] Account_Service.com.Controller.AccountController - Apply balance API called | accountId=ACCO202512180001 | balance=58860.00
2025-12-31 11:37:46 INFO  [correlationId=14dd582a-46ca-4481-8b4d-f5be1ace67b3] [traceId=44299dd2eb125014bf6b5f945ccd1cbc spanId=da17a906bda05668] Account_Service.com.Service.imp.AccountServiceImp - Apply balance request | accountId=ACCO202512180001 | newBalance=58860.00
2025-12-31 11:37:46 INFO  [correlationId=14dd582a-46ca-4481-8b4d-f5be1ace67b3] [traceId=44299dd2eb125014bf6b5f945ccd1cbc spanId=da17a906bda05668] Account_Service.com.Service.imp.AccountServiceImp - Balance updated successfully | accountId=ACCO202512180001 | balance=58860.00
2025-12-31 11:37:46 INFO  [correlationId=14dd582a-46ca-4481-8b4d-f5be1ace67b3] [traceId=44299dd2eb125014bf6b5f945ccd1cbc spanId=da17a906bda05668] Account_Service.com.Controller.AccountController - Apply balance successful | accountId=ACCO202512180001 | balance=58860.00
2025-12-31 11:39:27 INFO  [correlationId=c4e4ac9a-dd85-48c0-b049-31dc2b5ad44f] [traceId=6172bc143e759aeb91e7c075c40c801e spanId=d7a0509deae6b9b2] Account_Service.com.Controller.AccountController - Apply balance API called | accountId=ACCO202512180002 | balance=7680.00
2025-12-31 11:39:27 INFO  [correlationId=c4e4ac9a-dd85-48c0-b049-31dc2b5ad44f] [traceId=6172bc143e759aeb91e7c075c40c801e spanId=d7a0509deae6b9b2] Account_Service.com.Service.imp.AccountServiceImp - Apply balance request | accountId=ACCO202512180002 | newBalance=7680.00
2025-12-31 11:39:27 INFO  [correlationId=c4e4ac9a-dd85-48c0-b049-31dc2b5ad44f] [traceId=6172bc143e759aeb91e7c075c40c801e spanId=d7a0509deae6b9b2] Account_Service.com.Service.imp.AccountServiceImp - Balance updated successfully | accountId=ACCO202512180002 | balance=7680.00
2025-12-31 11:39:27 INFO  [correlationId=c4e4ac9a-dd85-48c0-b049-31dc2b5ad44f] [traceId=6172bc143e759aeb91e7c075c40c801e spanId=d7a0509deae6b9b2] Account_Service.com.Controller.AccountController - Apply balance successful | accountId=ACCO202512180002 | balance=7680.00
2025-12-31 11:39:27 INFO  [correlationId=5e75b360-33df-4a85-8222-8eb413125c4c] [traceId=3fbb427e05aed5e4858888d16210329b spanId=5cfc2d6fef7ec883] Account_Service.com.Controller.AccountController - Apply balance API called | accountId=ACCO202512180001 | balance=58800.00
2025-12-31 11:39:27 INFO  [correlationId=5e75b360-33df-4a85-8222-8eb413125c4c] [traceId=3fbb427e05aed5e4858888d16210329b spanId=5cfc2d6fef7ec883] Account_Service.com.Service.imp.AccountServiceImp - Apply balance request | accountId=ACCO202512180001 | newBalance=58800.00
2025-12-31 11:39:27 INFO  [correlationId=5e75b360-33df-4a85-8222-8eb413125c4c] [traceId=3fbb427e05aed5e4858888d16210329b spanId=5cfc2d6fef7ec883] Account_Service.com.Service.imp.AccountServiceImp - Balance updated successfully | accountId=ACCO202512180001 | balance=58800.00
2025-12-31 11:39:27 INFO  [correlationId=5e75b360-33df-4a85-8222-8eb413125c4c] [traceId=3fbb427e05aed5e4858888d16210329b spanId=5cfc2d6fef7ec883] Account_Service.com.Controller.AccountController - Apply balance successful | accountId=ACCO202512180001 | balance=58800.00
2025-12-31 11:49:09 INFO  [correlationId=3210b438-a81d-4fa0-b96b-54e398e8ede8] [traceId=b095dc9dbaa2cbc5f06ee48c9036b7f7 spanId=9b5fdec754cbbe86] Account_Service.com.Controller.AccountController - Apply balance API called | accountId=ACCO202512180002 | balance=7740.00
2025-12-31 11:49:09 INFO  [correlationId=3210b438-a81d-4fa0-b96b-54e398e8ede8] [traceId=b095dc9dbaa2cbc5f06ee48c9036b7f7 spanId=9b5fdec754cbbe86] Account_Service.com.Service.imp.AccountServiceImp - Apply balance request | accountId=ACCO202512180002 | newBalance=7740.00
2025-12-31 11:49:09 INFO  [correlationId=3210b438-a81d-4fa0-b96b-54e398e8ede8] [traceId=b095dc9dbaa2cbc5f06ee48c9036b7f7 spanId=9b5fdec754cbbe86] Account_Service.com.Service.imp.AccountServiceImp - Balance updated successfully | accountId=ACCO202512180002 | balance=7740.00
2025-12-31 11:49:09 INFO  [correlationId=3210b438-a81d-4fa0-b96b-54e398e8ede8] [traceId=b095dc9dbaa2cbc5f06ee48c9036b7f7 spanId=9b5fdec754cbbe86] Account_Service.com.Controller.AccountController - Apply balance successful | accountId=ACCO202512180002 | balance=7740.00
2025-12-31 11:49:09 INFO  [correlationId=3210b438-a81d-4fa0-b96b-54e398e8ede8] [traceId=b095dc9dbaa2cbc5f06ee48c9036b7f7 spanId=139d18515d3059b3] Account_Service.com.Controller.AccountController - Apply balance API called | accountId=ACCO202512180001 | balance=58740.00
2025-12-31 11:49:09 INFO  [correlationId=3210b438-a81d-4fa0-b96b-54e398e8ede8] [traceId=b095dc9dbaa2cbc5f06ee48c9036b7f7 spanId=139d18515d3059b3] Account_Service.com.Service.imp.AccountServiceImp - Apply balance request | accountId=ACCO202512180001 | newBalance=58740.00
2025-12-31 11:49:09 INFO  [correlationId=3210b438-a81d-4fa0-b96b-54e398e8ede8] [traceId=b095dc9dbaa2cbc5f06ee48c9036b7f7 spanId=139d18515d3059b3] Account_Service.com.Service.imp.AccountServiceImp - Balance updated successfully | accountId=ACCO202512180001 | balance=58740.00
2025-12-31 11:49:09 INFO  [correlationId=3210b438-a81d-4fa0-b96b-54e398e8ede8] [traceId=b095dc9dbaa2cbc5f06ee48c9036b7f7 spanId=139d18515d3059b3] Account_Service.com.Controller.AccountController - Apply balance successful | accountId=ACCO202512180001 | balance=58740.00
2025-12-31 11:51:09 INFO  [correlationId=eef26f99-4da9-4105-a9e2-0f865c174f40] [traceId=d39b0831a5ba86cf6510af828cd666cc spanId=312fc141d6a54f1f] Account_Service.com.Controller.AccountController - Apply balance API called | accountId=ACCO202512180002 | balance=7800.00
2025-12-31 11:51:09 INFO  [correlationId=eef26f99-4da9-4105-a9e2-0f865c174f40] [traceId=d39b0831a5ba86cf6510af828cd666cc spanId=312fc141d6a54f1f] Account_Service.com.Service.imp.AccountServiceImp - Apply balance request | accountId=ACCO202512180002 | newBalance=7800.00
2025-12-31 11:51:09 INFO  [correlationId=eef26f99-4da9-4105-a9e2-0f865c174f40] [traceId=d39b0831a5ba86cf6510af828cd666cc spanId=312fc141d6a54f1f] Account_Service.com.Service.imp.AccountServiceImp - Balance updated successfully | accountId=ACCO202512180002 | balance=7800.00
2025-12-31 11:51:09 INFO  [correlationId=eef26f99-4da9-4105-a9e2-0f865c174f40] [traceId=d39b0831a5ba86cf6510af828cd666cc spanId=312fc141d6a54f1f] Account_Service.com.Controller.AccountController - Apply balance successful | accountId=ACCO202512180002 | balance=7800.00
2025-12-31 11:51:09 INFO  [correlationId=676e9248-b3e1-4298-8bd1-d9886ea2386f] [traceId=d39b0831a5ba86cf6510af828cd666cc spanId=a29b6093a5855b37] Account_Service.com.Controller.AccountController - Apply balance API called | accountId=ACCO202512180001 | balance=58680.00
2025-12-31 11:51:09 INFO  [correlationId=676e9248-b3e1-4298-8bd1-d9886ea2386f] [traceId=d39b0831a5ba86cf6510af828cd666cc spanId=a29b6093a5855b37] Account_Service.com.Service.imp.AccountServiceImp - Apply balance request | accountId=ACCO202512180001 | newBalance=58680.00
2025-12-31 11:51:09 INFO  [correlationId=676e9248-b3e1-4298-8bd1-d9886ea2386f] [traceId=d39b0831a5ba86cf6510af828cd666cc spanId=a29b6093a5855b37] Account_Service.com.Service.imp.AccountServiceImp - Balance updated successfully | accountId=ACCO202512180001 | balance=58680.00
2025-12-31 11:51:09 INFO  [correlationId=676e9248-b3e1-4298-8bd1-d9886ea2386f] [traceId=d39b0831a5ba86cf6510af828cd666cc spanId=a29b6093a5855b37] Account_Service.com.Controller.AccountController - Apply balance successful | accountId=ACCO202512180001 | balance=58680.00
