2025-12-31 11:30:17 INFO  [correlationId=] [traceId= spanId=] Account_Service.com.AccountServiceApplication - Starting AccountServiceApplication using Java 17.0.3.1 with PID 13852 (C:\Users\akash\Documents\workspace-spring-tools-for-eclipse-4.32.2.RELEASE\Banking\Account_Service\target\classes started by akash in C:\Users\akash\Documents\workspace-spring-tools-for-eclipse-4.32.2.RELEASE\Banking\Account_Service)
2025-12-31 11:30:17 INFO  [correlationId=] [traceId= spanId=] Account_Service.com.AccountServiceApplication - No active profile set, falling back to 1 default profile: "default"
2025-12-31 11:30:18 INFO  [correlationId=] [traceId= spanId=] org.springframework.data.repository.config.RepositoryConfigurationDelegate - Bootstrapping Spring Data JPA repositories in DEFAULT mode.
2025-12-31 11:30:18 INFO  [correlationId=] [traceId= spanId=] org.springframework.data.repository.config.RepositoryConfigurationDelegate - Finished Spring Data repository scanning in 17 ms. Found 1 JPA repository interface.
2025-12-31 11:30:18 INFO  [correlationId=] [traceId= spanId=] org.springframework.boot.web.embedded.tomcat.TomcatWebServer - Tomcat initialized with port 8083 (http)
2025-12-31 11:30:18 INFO  [correlationId=] [traceId= spanId=] org.apache.coyote.http11.Http11NioProtocol - Initializing ProtocolHandler ["http-nio-8083"]
2025-12-31 11:30:18 INFO  [correlationId=] [traceId= spanId=] org.apache.catalina.core.StandardService - Starting service [Tomcat]
2025-12-31 11:30:18 INFO  [correlationId=] [traceId= spanId=] org.apache.catalina.core.StandardEngine - Starting Servlet engine: [Apache Tomcat/10.1.50]
2025-12-31 11:30:18 INFO  [correlationId=] [traceId= spanId=] org.apache.catalina.core.ContainerBase.[Tomcat].[localhost].[/] - Initializing Spring embedded WebApplicationContext
2025-12-31 11:30:18 INFO  [correlationId=] [traceId= spanId=] org.springframework.boot.web.servlet.context.ServletWebServerApplicationContext - Root WebApplicationContext: initialization completed in 409 ms
2025-12-31 11:30:18 INFO  [correlationId=] [traceId= spanId=] org.hibernate.jpa.internal.util.LogHelper - HHH000204: Processing PersistenceUnitInfo [name: default]
2025-12-31 11:30:18 INFO  [correlationId=] [traceId= spanId=] org.hibernate.cache.internal.RegionFactoryInitiator - HHH000026: Second-level cache disabled
2025-12-31 11:30:18 INFO  [correlationId=] [traceId= spanId=] org.springframework.orm.jpa.persistenceunit.SpringPersistenceUnitInfo - No LoadTimeWeaver setup: ignoring JPA class transformer
2025-12-31 11:30:18 INFO  [correlationId=] [traceId= spanId=] com.zaxxer.hikari.HikariDataSource - HikariPool-2 - Starting...
2025-12-31 11:30:18 INFO  [correlationId=] [traceId= spanId=] com.zaxxer.hikari.pool.HikariPool - HikariPool-2 - Added connection com.mysql.cj.jdbc.ConnectionImpl@58a02b49
2025-12-31 11:30:18 INFO  [correlationId=] [traceId= spanId=] com.zaxxer.hikari.HikariDataSource - HikariPool-2 - Start completed.
2025-12-31 11:30:18 INFO  [correlationId=] [traceId= spanId=] org.hibernate.orm.connections.pooling - HHH10001005: Database info:
	Database JDBC URL [Connecting through datasource 'HikariDataSource (HikariPool-2)']
	Database driver: undefined/unknown
	Database version: 8.0.33
	Autocommit mode: undefined/unknown
	Isolation level: undefined/unknown
	Minimum pool size: undefined/unknown
	Maximum pool size: undefined/unknown
2025-12-31 11:30:18 INFO  [correlationId=] [traceId= spanId=] org.hibernate.engine.transaction.jta.platform.internal.JtaPlatformInitiator - HHH000489: No JTA platform available (set 'hibernate.transaction.jta.platform' to enable JTA platform integration)
2025-12-31 11:30:18 INFO  [correlationId=] [traceId= spanId=] org.springframework.orm.jpa.LocalContainerEntityManagerFactoryBean - Initialized JPA EntityManagerFactory for persistence unit 'default'
2025-12-31 11:30:18 WARN  [correlationId=] [traceId= spanId=] org.springframework.boot.autoconfigure.orm.jpa.JpaBaseConfiguration$JpaWebConfiguration - spring.jpa.open-in-view is enabled by default. Therefore, database queries may be performed during view rendering. Explicitly configure spring.jpa.open-in-view to disable this warning
2025-12-31 11:30:18 WARN  [correlationId=] [traceId= spanId=] org.springframework.boot.devtools.autoconfigure.OptionalLiveReloadServer - Unable to start LiveReload server
2025-12-31 11:30:18 INFO  [correlationId=] [traceId= spanId=] org.springframework.boot.actuate.endpoint.web.EndpointLinksResolver - Exposing 1 endpoint beneath base path '/actuator'
2025-12-31 11:30:18 INFO  [correlationId=] [traceId= spanId=] org.apache.coyote.http11.Http11NioProtocol - Starting ProtocolHandler ["http-nio-8083"]
2025-12-31 11:30:18 INFO  [correlationId=] [traceId= spanId=] org.springframework.boot.web.embedded.tomcat.TomcatWebServer - Tomcat started on port 8083 (http) with context path '/'
2025-12-31 11:30:18 INFO  [correlationId=] [traceId= spanId=] Account_Service.com.AccountServiceApplication - Started AccountServiceApplication in 0.928 seconds (process running for 89.756)
2025-12-31 11:30:18 INFO  [correlationId=] [traceId= spanId=] org.springframework.boot.devtools.autoconfigure.ConditionEvaluationDeltaLoggingListener - Condition evaluation unchanged
2025-12-31 11:30:27 INFO  [correlationId=] [traceId= spanId=] org.apache.catalina.core.ContainerBase.[Tomcat].[localhost].[/] - Initializing Spring DispatcherServlet 'dispatcherServlet'
2025-12-31 11:30:27 INFO  [correlationId=] [traceId= spanId=] org.springframework.web.servlet.DispatcherServlet - Initializing Servlet 'dispatcherServlet'
2025-12-31 11:30:27 INFO  [correlationId=] [traceId= spanId=] org.springframework.web.servlet.DispatcherServlet - Completed initialization in 2 ms
2025-12-31 11:30:27 INFO  [correlationId=554f2d36-d7fa-44db-9573-e33dca8581db] [traceId=a68e93e95966d6611348f7a5455de026 spanId=5304e9b88b37c837] Account_Service.com.Controller.AccountController - Apply balance API called | accountId=ACCO202512180002 | balance=7560.00
2025-12-31 11:30:27 INFO  [correlationId=554f2d36-d7fa-44db-9573-e33dca8581db] [traceId=a68e93e95966d6611348f7a5455de026 spanId=5304e9b88b37c837] Account_Service.com.Service.imp.AccountServiceImp - Apply balance request | accountId=ACCO202512180002 | newBalance=7560.00
2025-12-31 11:30:27 INFO  [correlationId=554f2d36-d7fa-44db-9573-e33dca8581db] [traceId=a68e93e95966d6611348f7a5455de026 spanId=5304e9b88b37c837] Account_Service.com.Service.imp.AccountServiceImp - Balance updated successfully | accountId=ACCO202512180002 | balance=7560.00
2025-12-31 11:30:27 INFO  [correlationId=554f2d36-d7fa-44db-9573-e33dca8581db] [traceId=a68e93e95966d6611348f7a5455de026 spanId=5304e9b88b37c837] Account_Service.com.Controller.AccountController - Apply balance successful | accountId=ACCO202512180002 | balance=7560.00
2025-12-31 11:30:27 INFO  [correlationId=554f2d36-d7fa-44db-9573-e33dca8581db] [traceId=33d68e78c05bff0c1d853d824b11f456 spanId=23932fb3e447a3a9] Account_Service.com.Controller.AccountController - Apply balance API called | accountId=ACCO202512180001 | balance=58920.00
2025-12-31 11:30:27 INFO  [correlationId=554f2d36-d7fa-44db-9573-e33dca8581db] [traceId=33d68e78c05bff0c1d853d824b11f456 spanId=23932fb3e447a3a9] Account_Service.com.Service.imp.AccountServiceImp - Apply balance request | accountId=ACCO202512180001 | newBalance=58920.00
2025-12-31 11:30:27 INFO  [correlationId=554f2d36-d7fa-44db-9573-e33dca8581db] [traceId=33d68e78c05bff0c1d853d824b11f456 spanId=23932fb3e447a3a9] Account_Service.com.Service.imp.AccountServiceImp - Balance updated successfully | accountId=ACCO202512180001 | balance=58920.00
2025-12-31 11:30:27 INFO  [correlationId=554f2d36-d7fa-44db-9573-e33dca8581db] [traceId=33d68e78c05bff0c1d853d824b11f456 spanId=23932fb3e447a3a9] Account_Service.com.Controller.AccountController - Apply balance successful | accountId=ACCO202512180001 | balance=58920.00
2025-12-31 11:32:50 INFO  [correlationId=] [traceId= spanId=] org.springframework.boot.devtools.autoconfigure.LocalDevToolsAutoConfiguration$RestartingClassPathChangeChangedEventListener - Restarting due to 1 class path change (0 additions, 0 deletions, 1 modification)
2025-12-31 11:32:50 INFO  [correlationId=] [traceId= spanId=] org.springframework.boot.web.embedded.tomcat.GracefulShutdown - Commencing graceful shutdown. Waiting for active requests to complete
2025-12-31 11:32:50 INFO  [correlationId=] [traceId= spanId=] org.apache.coyote.http11.Http11NioProtocol - Pausing ProtocolHandler ["http-nio-8083"]
2025-12-31 11:32:51 INFO  [correlationId=] [traceId= spanId=] org.springframework.boot.web.embedded.tomcat.GracefulShutdown - Graceful shutdown complete
2025-12-31 11:32:51 INFO  [correlationId=] [traceId= spanId=] org.apache.coyote.http11.Http11NioProtocol - Stopping ProtocolHandler ["http-nio-8083"]
2025-12-31 11:32:51 INFO  [correlationId=] [traceId= spanId=] org.springframework.orm.jpa.LocalContainerEntityManagerFactoryBean - Closing JPA EntityManagerFactory for persistence unit 'default'
2025-12-31 11:32:51 INFO  [correlationId=] [traceId= spanId=] com.zaxxer.hikari.HikariDataSource - HikariPool-2 - Shutdown initiated...
2025-12-31 11:32:51 INFO  [correlationId=] [traceId= spanId=] com.zaxxer.hikari.HikariDataSource - HikariPool-2 - Shutdown completed.
