2025-12-31 11:28:50 INFO 
                [correlationId=]
                [traceId= spanId=]
                org.hibernate.validator.internal.util.Version - HV000001: Hibernate Validator 8.0.3.Final
2025-12-31 11:28:50 INFO 
                [correlationId=]
                [traceId= spanId=]
                Account_Service.com.AccountServiceApplication - Starting AccountServiceApplication using Java 17.0.3.1 with PID 13852 (C:\Users\akash\Documents\workspace-spring-tools-for-eclipse-4.32.2.RELEASE\Banking\Account_Service\target\classes started by akash in C:\Users\akash\Documents\workspace-spring-tools-for-eclipse-4.32.2.RELEASE\Banking\Account_Service)
2025-12-31 11:28:50 INFO 
                [correlationId=]
                [traceId= spanId=]
                Account_Service.com.AccountServiceApplication - No active profile set, falling back to 1 default profile: "default"
2025-12-31 11:28:50 INFO 
                [correlationId=]
                [traceId= spanId=]
                org.springframework.boot.devtools.env.DevToolsPropertyDefaultsPostProcessor - Devtools property defaults active! Set 'spring.devtools.add-properties' to 'false' to disable
2025-12-31 11:28:50 INFO 
                [correlationId=]
                [traceId= spanId=]
                org.springframework.boot.devtools.env.DevToolsPropertyDefaultsPostProcessor - For additional web related logging consider setting the 'logging.level.web' property to 'DEBUG'
2025-12-31 11:28:51 INFO 
                [correlationId=]
                [traceId= spanId=]
                org.springframework.data.repository.config.RepositoryConfigurationDelegate - Bootstrapping Spring Data JPA repositories in DEFAULT mode.
2025-12-31 11:28:51 INFO 
                [correlationId=]
                [traceId= spanId=]
                org.springframework.data.repository.config.RepositoryConfigurationDelegate - Finished Spring Data repository scanning in 93 ms. Found 1 JPA repository interface.
2025-12-31 11:28:52 INFO 
                [correlationId=]
                [traceId= spanId=]
                org.springframework.boot.web.embedded.tomcat.TomcatWebServer - Tomcat initialized with port 8083 (http)
2025-12-31 11:28:52 INFO 
                [correlationId=]
                [traceId= spanId=]
                org.apache.coyote.http11.Http11NioProtocol - Initializing ProtocolHandler ["http-nio-8083"]
2025-12-31 11:28:52 INFO 
                [correlationId=]
                [traceId= spanId=]
                org.apache.catalina.core.StandardService - Starting service [Tomcat]
2025-12-31 11:28:52 INFO 
                [correlationId=]
                [traceId= spanId=]
                org.apache.catalina.core.StandardEngine - Starting Servlet engine: [Apache Tomcat/10.1.50]
2025-12-31 11:28:52 INFO 
                [correlationId=]
                [traceId= spanId=]
                org.apache.catalina.core.ContainerBase.[Tomcat].[localhost].[/] - Initializing Spring embedded WebApplicationContext
2025-12-31 11:28:52 INFO 
                [correlationId=]
                [traceId= spanId=]
                org.springframework.boot.web.servlet.context.ServletWebServerApplicationContext - Root WebApplicationContext: initialization completed in 2628 ms
2025-12-31 11:28:53 INFO 
                [correlationId=]
                [traceId= spanId=]
                org.hibernate.jpa.internal.util.LogHelper - HHH000204: Processing PersistenceUnitInfo [name: default]
2025-12-31 11:28:53 INFO 
                [correlationId=]
                [traceId= spanId=]
                org.hibernate.Version - HHH000412: Hibernate ORM core version 6.6.39.Final
2025-12-31 11:28:53 INFO 
                [correlationId=]
                [traceId= spanId=]
                org.hibernate.cache.internal.RegionFactoryInitiator - HHH000026: Second-level cache disabled
2025-12-31 11:28:53 INFO 
                [correlationId=]
                [traceId= spanId=]
                org.springframework.orm.jpa.persistenceunit.SpringPersistenceUnitInfo - No LoadTimeWeaver setup: ignoring JPA class transformer
2025-12-31 11:28:53 INFO 
                [correlationId=]
                [traceId= spanId=]
                com.zaxxer.hikari.HikariDataSource - HikariPool-1 - Starting...
2025-12-31 11:28:54 INFO 
                [correlationId=]
                [traceId= spanId=]
                com.zaxxer.hikari.pool.HikariPool - HikariPool-1 - Added connection com.mysql.cj.jdbc.ConnectionImpl@4affd78d
2025-12-31 11:28:54 INFO 
                [correlationId=]
                [traceId= spanId=]
                com.zaxxer.hikari.HikariDataSource - HikariPool-1 - Start completed.
2025-12-31 11:28:54 INFO 
                [correlationId=]
                [traceId= spanId=]
                org.hibernate.orm.connections.pooling - HHH10001005: Database info:
	Database JDBC URL [Connecting through datasource 'HikariDataSource (HikariPool-1)']
	Database driver: undefined/unknown
	Database version: 8.0.33
	Autocommit mode: undefined/unknown
	Isolation level: undefined/unknown
	Minimum pool size: undefined/unknown
	Maximum pool size: undefined/unknown
2025-12-31 11:28:55 INFO 
                [correlationId=]
                [traceId= spanId=]
                org.hibernate.engine.transaction.jta.platform.internal.JtaPlatformInitiator - HHH000489: No JTA platform available (set 'hibernate.transaction.jta.platform' to enable JTA platform integration)
2025-12-31 11:28:55 INFO 
                [correlationId=]
                [traceId= spanId=]
                org.springframework.orm.jpa.LocalContainerEntityManagerFactoryBean - Initialized JPA EntityManagerFactory for persistence unit 'default'
2025-12-31 11:28:56 INFO 
                [correlationId=]
                [traceId= spanId=]
                org.springframework.data.jpa.repository.query.QueryEnhancerFactory - Hibernate is in classpath; If applicable, HQL parser will be used.
2025-12-31 11:28:57 WARN 
                [correlationId=]
                [traceId= spanId=]
                org.springframework.boot.autoconfigure.orm.jpa.JpaBaseConfiguration$JpaWebConfiguration - spring.jpa.open-in-view is enabled by default. Therefore, database queries may be performed during view rendering. Explicitly configure spring.jpa.open-in-view to disable this warning
2025-12-31 11:28:58 WARN 
                [correlationId=]
                [traceId= spanId=]
                org.springframework.boot.devtools.autoconfigure.OptionalLiveReloadServer - Unable to start LiveReload server
2025-12-31 11:28:58 INFO 
                [correlationId=]
                [traceId= spanId=]
                org.springframework.boot.actuate.endpoint.web.EndpointLinksResolver - Exposing 1 endpoint beneath base path '/actuator'
2025-12-31 11:28:58 INFO 
                [correlationId=]
                [traceId= spanId=]
                org.apache.coyote.http11.Http11NioProtocol - Starting ProtocolHandler ["http-nio-8083"]
2025-12-31 11:28:58 INFO 
                [correlationId=]
                [traceId= spanId=]
                org.springframework.boot.web.embedded.tomcat.TomcatWebServer - Tomcat started on port 8083 (http) with context path '/'
2025-12-31 11:28:58 INFO 
                [correlationId=]
                [traceId= spanId=]
                Account_Service.com.AccountServiceApplication - Started AccountServiceApplication in 8.702 seconds (process running for 9.316)
2025-12-31 11:28:58 INFO 
                [correlationId=]
                [traceId= spanId=]
                org.apache.catalina.core.ContainerBase.[Tomcat].[localhost].[/] - Initializing Spring DispatcherServlet 'dispatcherServlet'
2025-12-31 11:28:58 INFO 
                [correlationId=]
                [traceId= spanId=]
                org.springframework.web.servlet.DispatcherServlet - Initializing Servlet 'dispatcherServlet'
2025-12-31 11:28:58 INFO 
                [correlationId=]
                [traceId= spanId=]
                org.springframework.web.servlet.DispatcherServlet - Completed initialization in 2 ms
2025-12-31 11:29:08 INFO 
                [correlationId=8e45f4a2-3b38-484e-b2cf-8362a0f93d13]
                [traceId=7c4c20951e0becbea1612b480140fab6 spanId=799e97111b93146f]
                Account_Service.com.Controller.AccountController - Apply balance API called | accountId=ACCO202512180002 | balance=7500.00
2025-12-31 11:29:08 INFO 
                [correlationId=8e45f4a2-3b38-484e-b2cf-8362a0f93d13]
                [traceId=7c4c20951e0becbea1612b480140fab6 spanId=799e97111b93146f]
                Account_Service.com.Service.imp.AccountServiceImp - Apply balance request | accountId=ACCO202512180002 | newBalance=7500.00
2025-12-31 11:29:08 INFO 
                [correlationId=8e45f4a2-3b38-484e-b2cf-8362a0f93d13]
                [traceId=7c4c20951e0becbea1612b480140fab6 spanId=799e97111b93146f]
                Account_Service.com.Service.imp.AccountServiceImp - Balance updated successfully | accountId=ACCO202512180002 | balance=7500.00
2025-12-31 11:29:08 INFO 
                [correlationId=8e45f4a2-3b38-484e-b2cf-8362a0f93d13]
                [traceId=7c4c20951e0becbea1612b480140fab6 spanId=799e97111b93146f]
                Account_Service.com.Controller.AccountController - Apply balance successful | accountId=ACCO202512180002 | balance=7500.00
2025-12-31 11:29:08 INFO 
                [correlationId=8e45f4a2-3b38-484e-b2cf-8362a0f93d13]
                [traceId=5e848778a9b4afdd023965f30756f5c3 spanId=68dd22f30d183e50]
                Account_Service.com.Controller.AccountController - Apply balance API called | accountId=ACCO202512180001 | balance=58980.00
2025-12-31 11:29:08 INFO 
                [correlationId=8e45f4a2-3b38-484e-b2cf-8362a0f93d13]
                [traceId=5e848778a9b4afdd023965f30756f5c3 spanId=68dd22f30d183e50]
                Account_Service.com.Service.imp.AccountServiceImp - Apply balance request | accountId=ACCO202512180001 | newBalance=58980.00
2025-12-31 11:29:08 INFO 
                [correlationId=8e45f4a2-3b38-484e-b2cf-8362a0f93d13]
                [traceId=5e848778a9b4afdd023965f30756f5c3 spanId=68dd22f30d183e50]
                Account_Service.com.Service.imp.AccountServiceImp - Balance updated successfully | accountId=ACCO202512180001 | balance=58980.00
2025-12-31 11:29:08 INFO 
                [correlationId=8e45f4a2-3b38-484e-b2cf-8362a0f93d13]
                [traceId=5e848778a9b4afdd023965f30756f5c3 spanId=68dd22f30d183e50]
                Account_Service.com.Controller.AccountController - Apply balance successful | accountId=ACCO202512180001 | balance=58980.00
2025-12-31 11:30:17 INFO 
                [correlationId=]
                [traceId= spanId=]
                org.springframework.boot.devtools.autoconfigure.LocalDevToolsAutoConfiguration$RestartingClassPathChangeChangedEventListener - Restarting due to 1 class path change (0 additions, 0 deletions, 1 modification)
2025-12-31 11:30:17 INFO 
                [correlationId=]
                [traceId= spanId=]
                org.springframework.boot.web.embedded.tomcat.GracefulShutdown - Commencing graceful shutdown. Waiting for active requests to complete
2025-12-31 11:30:17 INFO 
                [correlationId=]
                [traceId= spanId=]
                org.apache.coyote.http11.Http11NioProtocol - Pausing ProtocolHandler ["http-nio-8083"]
2025-12-31 11:30:17 INFO 
                [correlationId=]
                [traceId= spanId=]
                org.springframework.boot.web.embedded.tomcat.GracefulShutdown - Graceful shutdown complete
2025-12-31 11:30:17 INFO 
                [correlationId=]
                [traceId= spanId=]
                org.apache.coyote.http11.Http11NioProtocol - Stopping ProtocolHandler ["http-nio-8083"]
2025-12-31 11:30:17 INFO 
                [correlationId=]
                [traceId= spanId=]
                org.springframework.orm.jpa.LocalContainerEntityManagerFactoryBean - Closing JPA EntityManagerFactory for persistence unit 'default'
2025-12-31 11:30:17 INFO 
                [correlationId=]
                [traceId= spanId=]
                com.zaxxer.hikari.HikariDataSource - HikariPool-1 - Shutdown initiated...
2025-12-31 11:30:17 INFO 
                [correlationId=]
                [traceId= spanId=]
                com.zaxxer.hikari.HikariDataSource - HikariPool-1 - Shutdown completed.
2025-12-31 11:32:51 INFO  [correlationId=] [traceId= spanId=] Account_Service.com.AccountServiceApplication - Starting AccountServiceApplication using Java 17.0.3.1 with PID 13852 (C:\Users\akash\Documents\workspace-spring-tools-for-eclipse-4.32.2.RELEASE\Banking\Account_Service\target\classes started by akash in C:\Users\akash\Documents\workspace-spring-tools-for-eclipse-4.32.2.RELEASE\Banking\Account_Service)
2025-12-31 11:32:51 INFO  [correlationId=] [traceId= spanId=] Account_Service.com.AccountServiceApplication - No active profile set, falling back to 1 default profile: "default"
2025-12-31 11:32:52 INFO  [correlationId=] [traceId= spanId=] org.springframework.data.repository.config.RepositoryConfigurationDelegate - Bootstrapping Spring Data JPA repositories in DEFAULT mode.
2025-12-31 11:32:52 INFO  [correlationId=] [traceId= spanId=] org.springframework.data.repository.config.RepositoryConfigurationDelegate - Finished Spring Data repository scanning in 25 ms. Found 1 JPA repository interface.
2025-12-31 11:32:52 INFO  [correlationId=] [traceId= spanId=] org.springframework.boot.web.embedded.tomcat.TomcatWebServer - Tomcat initialized with port 8083 (http)
2025-12-31 11:32:52 INFO  [correlationId=] [traceId= spanId=] org.apache.coyote.http11.Http11NioProtocol - Initializing ProtocolHandler ["http-nio-8083"]
2025-12-31 11:32:52 INFO  [correlationId=] [traceId= spanId=] org.apache.catalina.core.StandardService - Starting service [Tomcat]
2025-12-31 11:32:52 INFO  [correlationId=] [traceId= spanId=] org.apache.catalina.core.StandardEngine - Starting Servlet engine: [Apache Tomcat/10.1.50]
2025-12-31 11:32:52 INFO  [correlationId=] [traceId= spanId=] org.apache.catalina.core.ContainerBase.[Tomcat].[localhost].[/] - Initializing Spring embedded WebApplicationContext
2025-12-31 11:32:52 INFO  [correlationId=] [traceId= spanId=] org.springframework.boot.web.servlet.context.ServletWebServerApplicationContext - Root WebApplicationContext: initialization completed in 1045 ms
2025-12-31 11:32:52 INFO  [correlationId=] [traceId= spanId=] org.hibernate.jpa.internal.util.LogHelper - HHH000204: Processing PersistenceUnitInfo [name: default]
2025-12-31 11:32:52 INFO  [correlationId=] [traceId= spanId=] org.hibernate.cache.internal.RegionFactoryInitiator - HHH000026: Second-level cache disabled
2025-12-31 11:32:52 INFO  [correlationId=] [traceId= spanId=] org.springframework.orm.jpa.persistenceunit.SpringPersistenceUnitInfo - No LoadTimeWeaver setup: ignoring JPA class transformer
2025-12-31 11:32:52 INFO  [correlationId=] [traceId= spanId=] com.zaxxer.hikari.HikariDataSource - HikariPool-3 - Starting...
2025-12-31 11:32:52 INFO  [correlationId=] [traceId= spanId=] com.zaxxer.hikari.pool.HikariPool - HikariPool-3 - Added connection com.mysql.cj.jdbc.ConnectionImpl@5802499b
2025-12-31 11:32:52 INFO  [correlationId=] [traceId= spanId=] com.zaxxer.hikari.HikariDataSource - HikariPool-3 - Start completed.
2025-12-31 11:32:52 INFO  [correlationId=] [traceId= spanId=] org.hibernate.orm.connections.pooling - HHH10001005: Database info:
	Database JDBC URL [Connecting through datasource 'HikariDataSource (HikariPool-3)']
	Database driver: undefined/unknown
	Database version: 8.0.33
	Autocommit mode: undefined/unknown
	Isolation level: undefined/unknown
	Minimum pool size: undefined/unknown
	Maximum pool size: undefined/unknown
2025-12-31 11:32:52 INFO  [correlationId=] [traceId= spanId=] org.hibernate.engine.transaction.jta.platform.internal.JtaPlatformInitiator - HHH000489: No JTA platform available (set 'hibernate.transaction.jta.platform' to enable JTA platform integration)
2025-12-31 11:32:53 INFO  [correlationId=] [traceId= spanId=] org.springframework.orm.jpa.LocalContainerEntityManagerFactoryBean - Initialized JPA EntityManagerFactory for persistence unit 'default'
2025-12-31 11:32:53 WARN  [correlationId=] [traceId= spanId=] org.springframework.boot.autoconfigure.orm.jpa.JpaBaseConfiguration$JpaWebConfiguration - spring.jpa.open-in-view is enabled by default. Therefore, database queries may be performed during view rendering. Explicitly configure spring.jpa.open-in-view to disable this warning
2025-12-31 11:32:53 WARN  [correlationId=] [traceId= spanId=] org.springframework.boot.devtools.autoconfigure.OptionalLiveReloadServer - Unable to start LiveReload server
2025-12-31 11:32:53 INFO  [correlationId=] [traceId= spanId=] org.springframework.boot.actuate.endpoint.web.EndpointLinksResolver - Exposing 1 endpoint beneath base path '/actuator'
2025-12-31 11:32:53 INFO  [correlationId=] [traceId= spanId=] org.apache.coyote.http11.Http11NioProtocol - Starting ProtocolHandler ["http-nio-8083"]
2025-12-31 11:32:53 INFO  [correlationId=] [traceId= spanId=] org.springframework.boot.web.embedded.tomcat.TomcatWebServer - Tomcat started on port 8083 (http) with context path '/'
2025-12-31 11:32:53 INFO  [correlationId=] [traceId= spanId=] Account_Service.com.AccountServiceApplication - Started AccountServiceApplication in 2.042 seconds (process running for 244.529)
2025-12-31 11:32:53 INFO  [correlationId=] [traceId= spanId=] org.springframework.boot.devtools.autoconfigure.ConditionEvaluationDeltaLoggingListener - Condition evaluation unchanged
2025-12-31 11:36:59 INFO  [correlationId=] [traceId= spanId=] org.springframework.boot.devtools.autoconfigure.LocalDevToolsAutoConfiguration$RestartingClassPathChangeChangedEventListener - Restarting due to 1 class path change (0 additions, 0 deletions, 1 modification)
2025-12-31 11:36:59 INFO  [correlationId=] [traceId= spanId=] org.springframework.boot.web.embedded.tomcat.GracefulShutdown - Commencing graceful shutdown. Waiting for active requests to complete
2025-12-31 11:36:59 INFO  [correlationId=] [traceId= spanId=] org.apache.coyote.http11.Http11NioProtocol - Pausing ProtocolHandler ["http-nio-8083"]
2025-12-31 11:36:59 INFO  [correlationId=] [traceId= spanId=] org.springframework.boot.web.embedded.tomcat.GracefulShutdown - Graceful shutdown complete
2025-12-31 11:36:59 INFO  [correlationId=] [traceId= spanId=] org.apache.coyote.http11.Http11NioProtocol - Stopping ProtocolHandler ["http-nio-8083"]
2025-12-31 11:36:59 INFO  [correlationId=] [traceId= spanId=] org.springframework.orm.jpa.LocalContainerEntityManagerFactoryBean - Closing JPA EntityManagerFactory for persistence unit 'default'
2025-12-31 11:36:59 INFO  [correlationId=] [traceId= spanId=] com.zaxxer.hikari.HikariDataSource - HikariPool-3 - Shutdown initiated...
2025-12-31 11:37:00 INFO  [correlationId=] [traceId= spanId=] com.zaxxer.hikari.HikariDataSource - HikariPool-3 - Shutdown completed.
