2026-01-02 13:32:18 INFO 
                [correlationId=]
                [traceId= spanId=]
                org.hibernate.validator.internal.util.Version - HV000001: Hibernate Validator 8.0.3.Final
2026-01-02 13:32:18 INFO 
                [correlationId=]
                [traceId= spanId=]
                Banking.User.Services.UserServicesApplication - Starting UserServicesApplication using Java 17.0.3.1 with PID 23460 (C:\Users\akash\Documents\workspace-spring-tools-for-eclipse-4.32.2.RELEASE\Banking\User_Services\target\classes started by akash in C:\Users\akash\Documents\workspace-spring-tools-for-eclipse-4.32.2.RELEASE\Banking\User_Services)
2026-01-02 13:32:18 INFO 
                [correlationId=]
                [traceId= spanId=]
                Banking.User.Services.UserServicesApplication - No active profile set, falling back to 1 default profile: "default"
2026-01-02 13:32:18 INFO 
                [correlationId=]
                [traceId= spanId=]
                org.springframework.boot.devtools.env.DevToolsPropertyDefaultsPostProcessor - Devtools property defaults active! Set 'spring.devtools.add-properties' to 'false' to disable
2026-01-02 13:32:18 INFO 
                [correlationId=]
                [traceId= spanId=]
                org.springframework.boot.devtools.env.DevToolsPropertyDefaultsPostProcessor - For additional web related logging consider setting the 'logging.level.web' property to 'DEBUG'
2026-01-02 13:32:19 INFO 
                [correlationId=]
                [traceId= spanId=]
                org.springframework.data.repository.config.RepositoryConfigurationDelegate - Multiple Spring Data modules found, entering strict repository configuration mode
2026-01-02 13:32:19 INFO 
                [correlationId=]
                [traceId= spanId=]
                org.springframework.data.repository.config.RepositoryConfigurationDelegate - Bootstrapping Spring Data JPA repositories in DEFAULT mode.
2026-01-02 13:32:20 INFO 
                [correlationId=]
                [traceId= spanId=]
                org.springframework.data.repository.config.RepositoryConfigurationDelegate - Finished Spring Data repository scanning in 216 ms. Found 2 JPA repository interfaces.
2026-01-02 13:32:20 INFO 
                [correlationId=]
                [traceId= spanId=]
                org.springframework.data.repository.config.RepositoryConfigurationDelegate - Multiple Spring Data modules found, entering strict repository configuration mode
2026-01-02 13:32:20 INFO 
                [correlationId=]
                [traceId= spanId=]
                org.springframework.data.repository.config.RepositoryConfigurationDelegate - Bootstrapping Spring Data Redis repositories in DEFAULT mode.
2026-01-02 13:32:20 INFO 
                [correlationId=]
                [traceId= spanId=]
                org.springframework.data.repository.config.RepositoryConfigurationExtensionSupport - Spring Data Redis - Could not safely identify store assignment for repository candidate interface Banking.User.Services.repository.UserCredentialRepository; If you want this repository to be a Redis repository, consider annotating your entities with one of these annotations: org.springframework.data.redis.core.RedisHash (preferred), or consider extending one of the following types with your repository: org.springframework.data.keyvalue.repository.KeyValueRepository
2026-01-02 13:32:20 INFO 
                [correlationId=]
                [traceId= spanId=]
                org.springframework.data.repository.config.RepositoryConfigurationExtensionSupport - Spring Data Redis - Could not safely identify store assignment for repository candidate interface Banking.User.Services.repository.User_service_repository; If you want this repository to be a Redis repository, consider annotating your entities with one of these annotations: org.springframework.data.redis.core.RedisHash (preferred), or consider extending one of the following types with your repository: org.springframework.data.keyvalue.repository.KeyValueRepository
2026-01-02 13:32:20 INFO 
                [correlationId=]
                [traceId= spanId=]
                org.springframework.data.repository.config.RepositoryConfigurationDelegate - Finished Spring Data repository scanning in 12 ms. Found 0 Redis repository interfaces.
2026-01-02 13:32:20 INFO 
                [correlationId=]
                [traceId= spanId=]
                org.springframework.cloud.context.scope.GenericScope - BeanFactory id=579c2cbd-50e7-367a-9a6a-67eab1462667
2026-01-02 13:32:21 INFO 
                [correlationId=]
                [traceId= spanId=]
                org.springframework.boot.web.embedded.tomcat.TomcatWebServer - Tomcat initialized with port 8082 (http)
2026-01-02 13:32:21 INFO 
                [correlationId=]
                [traceId= spanId=]
                org.apache.coyote.http11.Http11NioProtocol - Initializing ProtocolHandler ["http-nio-8082"]
2026-01-02 13:32:21 INFO 
                [correlationId=]
                [traceId= spanId=]
                org.apache.catalina.core.StandardService - Starting service [Tomcat]
2026-01-02 13:32:21 INFO 
                [correlationId=]
                [traceId= spanId=]
                org.apache.catalina.core.StandardEngine - Starting Servlet engine: [Apache Tomcat/10.1.50]
2026-01-02 13:32:21 INFO 
                [correlationId=]
                [traceId= spanId=]
                org.apache.catalina.core.ContainerBase.[Tomcat].[localhost].[/] - Initializing Spring embedded WebApplicationContext
2026-01-02 13:32:21 INFO 
                [correlationId=]
                [traceId= spanId=]
                org.springframework.boot.web.servlet.context.ServletWebServerApplicationContext - Root WebApplicationContext: initialization completed in 3086 ms
2026-01-02 13:32:21 INFO 
                [correlationId=]
                [traceId= spanId=]
                org.hibernate.jpa.internal.util.LogHelper - HHH000204: Processing PersistenceUnitInfo [name: default]
2026-01-02 13:32:22 INFO 
                [correlationId=]
                [traceId= spanId=]
                org.hibernate.Version - HHH000412: Hibernate ORM core version 6.6.39.Final
2026-01-02 13:32:22 INFO 
                [correlationId=]
                [traceId= spanId=]
                org.hibernate.cache.internal.RegionFactoryInitiator - HHH000026: Second-level cache disabled
2026-01-02 13:32:22 INFO 
                [correlationId=]
                [traceId= spanId=]
                org.springframework.orm.jpa.persistenceunit.SpringPersistenceUnitInfo - No LoadTimeWeaver setup: ignoring JPA class transformer
2026-01-02 13:32:22 INFO 
                [correlationId=]
                [traceId= spanId=]
                com.zaxxer.hikari.HikariDataSource - HikariPool-1 - Starting...
2026-01-02 13:32:23 INFO 
                [correlationId=]
                [traceId= spanId=]
                com.zaxxer.hikari.pool.HikariPool - HikariPool-1 - Added connection com.mysql.cj.jdbc.ConnectionImpl@e987ce4
2026-01-02 13:32:23 INFO 
                [correlationId=]
                [traceId= spanId=]
                com.zaxxer.hikari.HikariDataSource - HikariPool-1 - Start completed.
2026-01-02 13:32:23 INFO 
                [correlationId=]
                [traceId= spanId=]
                org.hibernate.orm.connections.pooling - HHH10001005: Database info:
	Database JDBC URL [Connecting through datasource 'HikariDataSource (HikariPool-1)']
	Database driver: undefined/unknown
	Database version: 8.0.33
	Autocommit mode: undefined/unknown
	Isolation level: undefined/unknown
	Minimum pool size: undefined/unknown
	Maximum pool size: undefined/unknown
2026-01-02 13:32:24 INFO 
                [correlationId=]
                [traceId= spanId=]
                org.hibernate.engine.transaction.jta.platform.internal.JtaPlatformInitiator - HHH000489: No JTA platform available (set 'hibernate.transaction.jta.platform' to enable JTA platform integration)
2026-01-02 13:32:24 INFO 
                [correlationId=]
                [traceId= spanId=]
                org.springframework.orm.jpa.LocalContainerEntityManagerFactoryBean - Initialized JPA EntityManagerFactory for persistence unit 'default'
2026-01-02 13:32:25 WARN 
                [correlationId=]
                [traceId= spanId=]
                org.springframework.boot.autoconfigure.orm.jpa.JpaBaseConfiguration$JpaWebConfiguration - spring.jpa.open-in-view is enabled by default. Therefore, database queries may be performed during view rendering. Explicitly configure spring.jpa.open-in-view to disable this warning
2026-01-02 13:32:26 INFO 
                [correlationId=]
                [traceId= spanId=]
                org.springframework.boot.devtools.autoconfigure.OptionalLiveReloadServer - LiveReload server is running on port 35729
2026-01-02 13:32:27 INFO 
                [correlationId=]
                [traceId= spanId=]
                org.springframework.cloud.netflix.eureka.config.DiscoveryClientOptionalArgsConfiguration - Eureka HTTP Client uses RestTemplate.
2026-01-02 13:32:27 WARN 
                [correlationId=]
                [traceId= spanId=]
                org.springframework.cloud.loadbalancer.config.LoadBalancerCacheAutoConfiguration$LoadBalancerCaffeineWarnLogger - Spring Cloud LoadBalancer is currently working with the default cache. While this cache implementation is useful for development and tests, it's recommended to use Caffeine cache in production.You can switch to using Caffeine cache, by adding it and org.springframework.cache.caffeine.CaffeineCacheManager to the classpath.
2026-01-02 13:32:27 INFO 
                [correlationId=]
                [traceId= spanId=]
                org.springframework.boot.actuate.endpoint.web.EndpointLinksResolver - Exposing 1 endpoint beneath base path '/actuator'
2026-01-02 13:32:27 INFO 
                [correlationId=]
                [traceId= spanId=]
                org.springframework.cloud.netflix.eureka.InstanceInfoFactory - Setting initial instance status as: STARTING
2026-01-02 13:32:27 INFO 
                [correlationId=]
                [traceId= spanId=]
                com.netflix.discovery.DiscoveryClient - Initializing Eureka in region us-east-1
2026-01-02 13:32:27 INFO 
                [correlationId=]
                [traceId= spanId=]
                com.netflix.discovery.DiscoveryClient - Client configured to neither register nor query for data.
2026-01-02 13:32:27 INFO 
                [correlationId=]
                [traceId= spanId=]
                com.netflix.discovery.DiscoveryClient - Discovery Client initialized at timestamp 1767340947393 with initial instances count: 0
2026-01-02 13:32:27 INFO 
                [correlationId=]
                [traceId= spanId=]
                org.springframework.cloud.netflix.eureka.serviceregistry.EurekaServiceRegistry - Registering application USER_SERVICES with eureka with status UP
2026-01-02 13:32:27 INFO 
                [correlationId=]
                [traceId= spanId=]
                org.apache.coyote.http11.Http11NioProtocol - Starting ProtocolHandler ["http-nio-8082"]
2026-01-02 13:32:27 INFO 
                [correlationId=]
                [traceId= spanId=]
                org.springframework.boot.web.embedded.tomcat.TomcatWebServer - Tomcat started on port 8082 (http) with context path '/'
2026-01-02 13:32:27 INFO 
                [correlationId=]
                [traceId= spanId=]
                org.springframework.cloud.netflix.eureka.serviceregistry.EurekaAutoServiceRegistration - Updating port to 8082
2026-01-02 13:32:27 INFO 
                [correlationId=]
                [traceId= spanId=]
                Banking.User.Services.UserServicesApplication - Started UserServicesApplication in 10.199 seconds (process running for 11.116)
2026-01-02 13:32:28 INFO 
                [correlationId=]
                [traceId= spanId=]
                org.apache.catalina.core.ContainerBase.[Tomcat].[localhost].[/] - Initializing Spring DispatcherServlet 'dispatcherServlet'
2026-01-02 13:32:28 INFO 
                [correlationId=]
                [traceId= spanId=]
                org.springframework.web.servlet.DispatcherServlet - Initializing Servlet 'dispatcherServlet'
2026-01-02 13:32:28 INFO 
                [correlationId=]
                [traceId= spanId=]
                org.springframework.web.servlet.DispatcherServlet - Completed initialization in 2 ms
2026-01-02 13:34:31 INFO 
                [correlationId=]
                [traceId= spanId=]
                org.springframework.boot.devtools.autoconfigure.LocalDevToolsAutoConfiguration$RestartingClassPathChangeChangedEventListener - Restarting due to 1 class path change (0 additions, 0 deletions, 1 modification)
2026-01-02 13:34:31 INFO 
                [correlationId=]
                [traceId= spanId=]
                org.springframework.cloud.netflix.eureka.serviceregistry.EurekaServiceRegistry - Unregistering application USER_SERVICES with eureka with status DOWN
2026-01-02 13:34:31 INFO 
                [correlationId=]
                [traceId= spanId=]
                org.springframework.boot.web.embedded.tomcat.GracefulShutdown - Commencing graceful shutdown. Waiting for active requests to complete
2026-01-02 13:34:31 INFO 
                [correlationId=]
                [traceId= spanId=]
                org.apache.coyote.http11.Http11NioProtocol - Pausing ProtocolHandler ["http-nio-8082"]
2026-01-02 13:34:31 INFO 
                [correlationId=]
                [traceId= spanId=]
                org.springframework.boot.web.embedded.tomcat.GracefulShutdown - Graceful shutdown complete
2026-01-02 13:34:31 INFO 
                [correlationId=]
                [traceId= spanId=]
                org.apache.coyote.http11.Http11NioProtocol - Stopping ProtocolHandler ["http-nio-8082"]
2026-01-02 13:34:32 INFO 
                [correlationId=]
                [traceId= spanId=]
                org.springframework.orm.jpa.LocalContainerEntityManagerFactoryBean - Closing JPA EntityManagerFactory for persistence unit 'default'
2026-01-02 13:34:32 INFO 
                [correlationId=]
                [traceId= spanId=]
                com.zaxxer.hikari.HikariDataSource - HikariPool-1 - Shutdown initiated...
2026-01-02 13:34:32 INFO 
                [correlationId=]
                [traceId= spanId=]
                com.zaxxer.hikari.HikariDataSource - HikariPool-1 - Shutdown completed.
2026-01-02 13:34:32 INFO 
                [correlationId=]
                [traceId= spanId=]
                com.netflix.discovery.DiscoveryClient - Shutting down DiscoveryClient ...
2026-01-02 13:34:32 INFO 
                [correlationId=]
                [traceId= spanId=]
                com.netflix.discovery.DiscoveryClient - Completed shut down of DiscoveryClient
2026-01-02 13:34:32 INFO 
                [correlationId=]
                [traceId= spanId=]
                Banking.User.Services.UserServicesApplication - Starting UserServicesApplication using Java 17.0.3.1 with PID 23460 (C:\Users\akash\Documents\workspace-spring-tools-for-eclipse-4.32.2.RELEASE\Banking\User_Services\target\classes started by akash in C:\Users\akash\Documents\workspace-spring-tools-for-eclipse-4.32.2.RELEASE\Banking\User_Services)
2026-01-02 13:34:32 INFO 
                [correlationId=]
                [traceId= spanId=]
                Banking.User.Services.UserServicesApplication - No active profile set, falling back to 1 default profile: "default"
2026-01-02 13:34:33 INFO 
                [correlationId=]
                [traceId= spanId=]
                org.springframework.data.repository.config.RepositoryConfigurationDelegate - Multiple Spring Data modules found, entering strict repository configuration mode
2026-01-02 13:34:33 INFO 
                [correlationId=]
                [traceId= spanId=]
                org.springframework.data.repository.config.RepositoryConfigurationDelegate - Bootstrapping Spring Data JPA repositories in DEFAULT mode.
2026-01-02 13:34:33 INFO 
                [correlationId=]
                [traceId= spanId=]
                org.springframework.data.repository.config.RepositoryConfigurationDelegate - Finished Spring Data repository scanning in 22 ms. Found 2 JPA repository interfaces.
2026-01-02 13:34:33 INFO 
                [correlationId=]
                [traceId= spanId=]
                org.springframework.data.repository.config.RepositoryConfigurationDelegate - Multiple Spring Data modules found, entering strict repository configuration mode
2026-01-02 13:34:33 INFO 
                [correlationId=]
                [traceId= spanId=]
                org.springframework.data.repository.config.RepositoryConfigurationDelegate - Bootstrapping Spring Data Redis repositories in DEFAULT mode.
2026-01-02 13:34:33 INFO 
                [correlationId=]
                [traceId= spanId=]
                org.springframework.data.repository.config.RepositoryConfigurationExtensionSupport - Spring Data Redis - Could not safely identify store assignment for repository candidate interface Banking.User.Services.repository.UserCredentialRepository; If you want this repository to be a Redis repository, consider annotating your entities with one of these annotations: org.springframework.data.redis.core.RedisHash (preferred), or consider extending one of the following types with your repository: org.springframework.data.keyvalue.repository.KeyValueRepository
2026-01-02 13:34:33 INFO 
                [correlationId=]
                [traceId= spanId=]
                org.springframework.data.repository.config.RepositoryConfigurationExtensionSupport - Spring Data Redis - Could not safely identify store assignment for repository candidate interface Banking.User.Services.repository.User_service_repository; If you want this repository to be a Redis repository, consider annotating your entities with one of these annotations: org.springframework.data.redis.core.RedisHash (preferred), or consider extending one of the following types with your repository: org.springframework.data.keyvalue.repository.KeyValueRepository
2026-01-02 13:34:33 INFO 
                [correlationId=]
                [traceId= spanId=]
                org.springframework.data.repository.config.RepositoryConfigurationDelegate - Finished Spring Data repository scanning in 5 ms. Found 0 Redis repository interfaces.
2026-01-02 13:34:33 INFO 
                [correlationId=]
                [traceId= spanId=]
                org.springframework.cloud.context.scope.GenericScope - BeanFactory id=579c2cbd-50e7-367a-9a6a-67eab1462667
2026-01-02 13:34:33 INFO 
                [correlationId=]
                [traceId= spanId=]
                org.springframework.boot.web.embedded.tomcat.TomcatWebServer - Tomcat initialized with port 8082 (http)
2026-01-02 13:34:33 INFO 
                [correlationId=]
                [traceId= spanId=]
                org.apache.coyote.http11.Http11NioProtocol - Initializing ProtocolHandler ["http-nio-8082"]
2026-01-02 13:34:33 INFO 
                [correlationId=]
                [traceId= spanId=]
                org.apache.catalina.core.StandardService - Starting service [Tomcat]
2026-01-02 13:34:33 INFO 
                [correlationId=]
                [traceId= spanId=]
                org.apache.catalina.core.StandardEngine - Starting Servlet engine: [Apache Tomcat/10.1.50]
2026-01-02 13:34:33 INFO 
                [correlationId=]
                [traceId= spanId=]
                org.apache.catalina.core.ContainerBase.[Tomcat].[localhost].[/] - Initializing Spring embedded WebApplicationContext
2026-01-02 13:34:33 INFO 
                [correlationId=]
                [traceId= spanId=]
                org.springframework.boot.web.servlet.context.ServletWebServerApplicationContext - Root WebApplicationContext: initialization completed in 854 ms
2026-01-02 13:34:33 INFO 
                [correlationId=]
                [traceId= spanId=]
                org.hibernate.jpa.internal.util.LogHelper - HHH000204: Processing PersistenceUnitInfo [name: default]
2026-01-02 13:34:33 INFO 
                [correlationId=]
                [traceId= spanId=]
                org.hibernate.cache.internal.RegionFactoryInitiator - HHH000026: Second-level cache disabled
2026-01-02 13:34:33 INFO 
                [correlationId=]
                [traceId= spanId=]
                org.springframework.orm.jpa.persistenceunit.SpringPersistenceUnitInfo - No LoadTimeWeaver setup: ignoring JPA class transformer
2026-01-02 13:34:33 INFO 
                [correlationId=]
                [traceId= spanId=]
                com.zaxxer.hikari.HikariDataSource - HikariPool-2 - Starting...
2026-01-02 13:34:33 INFO 
                [correlationId=]
                [traceId= spanId=]
                com.zaxxer.hikari.pool.HikariPool - HikariPool-2 - Added connection com.mysql.cj.jdbc.ConnectionImpl@271d4afd
2026-01-02 13:34:33 INFO 
                [correlationId=]
                [traceId= spanId=]
                com.zaxxer.hikari.HikariDataSource - HikariPool-2 - Start completed.
2026-01-02 13:34:33 INFO 
                [correlationId=]
                [traceId= spanId=]
                org.hibernate.orm.connections.pooling - HHH10001005: Database info:
	Database JDBC URL [Connecting through datasource 'HikariDataSource (HikariPool-2)']
	Database driver: undefined/unknown
	Database version: 8.0.33
	Autocommit mode: undefined/unknown
	Isolation level: undefined/unknown
	Minimum pool size: undefined/unknown
	Maximum pool size: undefined/unknown
2026-01-02 13:34:33 INFO 
                [correlationId=]
                [traceId= spanId=]
                org.hibernate.engine.transaction.jta.platform.internal.JtaPlatformInitiator - HHH000489: No JTA platform available (set 'hibernate.transaction.jta.platform' to enable JTA platform integration)
2026-01-02 13:34:33 INFO 
                [correlationId=]
                [traceId= spanId=]
                org.springframework.orm.jpa.LocalContainerEntityManagerFactoryBean - Initialized JPA EntityManagerFactory for persistence unit 'default'
2026-01-02 13:34:33 WARN 
                [correlationId=]
                [traceId= spanId=]
                org.springframework.boot.autoconfigure.orm.jpa.JpaBaseConfiguration$JpaWebConfiguration - spring.jpa.open-in-view is enabled by default. Therefore, database queries may be performed during view rendering. Explicitly configure spring.jpa.open-in-view to disable this warning
2026-01-02 13:34:34 INFO 
                [correlationId=]
                [traceId= spanId=]
                org.springframework.boot.devtools.autoconfigure.OptionalLiveReloadServer - LiveReload server is running on port 35729
2026-01-02 13:34:34 INFO 
                [correlationId=]
                [traceId= spanId=]
                org.springframework.cloud.netflix.eureka.config.DiscoveryClientOptionalArgsConfiguration - Eureka HTTP Client uses RestTemplate.
2026-01-02 13:34:34 WARN 
                [correlationId=]
                [traceId= spanId=]
                org.springframework.cloud.loadbalancer.config.LoadBalancerCacheAutoConfiguration$LoadBalancerCaffeineWarnLogger - Spring Cloud LoadBalancer is currently working with the default cache. While this cache implementation is useful for development and tests, it's recommended to use Caffeine cache in production.You can switch to using Caffeine cache, by adding it and org.springframework.cache.caffeine.CaffeineCacheManager to the classpath.
2026-01-02 13:34:34 INFO 
                [correlationId=]
                [traceId= spanId=]
                org.springframework.boot.actuate.endpoint.web.EndpointLinksResolver - Exposing 1 endpoint beneath base path '/actuator'
2026-01-02 13:34:34 INFO 
                [correlationId=]
                [traceId= spanId=]
                org.springframework.cloud.netflix.eureka.InstanceInfoFactory - Setting initial instance status as: STARTING
2026-01-02 13:34:34 INFO 
                [correlationId=]
                [traceId= spanId=]
                com.netflix.discovery.DiscoveryClient - Initializing Eureka in region us-east-1
2026-01-02 13:34:34 INFO 
                [correlationId=]
                [traceId= spanId=]
                com.netflix.discovery.shared.resolver.aws.ConfigClusterResolver - Resolving eureka endpoints via configuration
2026-01-02 13:34:34 INFO 
                [correlationId=]
                [traceId= spanId=]
                com.netflix.discovery.DiscoveryClient - Disable delta property : false
2026-01-02 13:34:34 INFO 
                [correlationId=]
                [traceId= spanId=]
                com.netflix.discovery.DiscoveryClient - Single vip registry refresh property : null
2026-01-02 13:34:34 INFO 
                [correlationId=]
                [traceId= spanId=]
                com.netflix.discovery.DiscoveryClient - Force full registry fetch : false
2026-01-02 13:34:34 INFO 
                [correlationId=]
                [traceId= spanId=]
                com.netflix.discovery.DiscoveryClient - Application is null : false
2026-01-02 13:34:34 INFO 
                [correlationId=]
                [traceId= spanId=]
                com.netflix.discovery.DiscoveryClient - Registered Applications size is zero : true
2026-01-02 13:34:34 INFO 
                [correlationId=]
                [traceId= spanId=]
                com.netflix.discovery.DiscoveryClient - Application version is -1: true
2026-01-02 13:34:34 INFO 
                [correlationId=]
                [traceId= spanId=]
                com.netflix.discovery.DiscoveryClient - Getting all instance registry info from the eureka server
2026-01-02 13:34:35 WARN 
                [correlationId=]
                [traceId= spanId=]
                com.netflix.discovery.shared.transport.decorator.RetryableEurekaHttpClient - Request execution failure with status code 404; retrying on another server if available
2026-01-02 13:34:35 INFO 
                [correlationId=]
                [traceId= spanId=]
                com.netflix.discovery.DiscoveryClient - DiscoveryClient_USER_SERVICES/DESKTOP-E3FNQHB:User_Services:8082 - was unable to refresh its cache! This periodic background refresh will be retried in 30 seconds. status = Cannot execute request on any known server stacktrace = com.netflix.discovery.shared.transport.TransportException: Cannot execute request on any known server
	at com.netflix.discovery.shared.transport.decorator.RetryableEurekaHttpClient.execute(RetryableEurekaHttpClient.java:112)
	at com.netflix.discovery.shared.transport.decorator.EurekaHttpClientDecorator.getApplications(EurekaHttpClientDecorator.java:134)
	at com.netflix.discovery.shared.transport.decorator.EurekaHttpClientDecorator$6.execute(EurekaHttpClientDecorator.java:137)
	at com.netflix.discovery.shared.transport.decorator.SessionedEurekaHttpClient.execute(SessionedEurekaHttpClient.java:76)
	at com.netflix.discovery.shared.transport.decorator.EurekaHttpClientDecorator.getApplications(EurekaHttpClientDecorator.java:134)
	at com.netflix.discovery.DiscoveryClient.getAndStoreFullRegistry(DiscoveryClient.java:1046)
	at com.netflix.discovery.DiscoveryClient.fetchRegistry(DiscoveryClient.java:961)
	at com.netflix.discovery.DiscoveryClient.<init>(DiscoveryClient.java:410)
	at com.netflix.discovery.DiscoveryClient.<init>(DiscoveryClient.java:245)
	at com.netflix.discovery.DiscoveryClient.<init>(DiscoveryClient.java:240)
	at org.springframework.cloud.netflix.eureka.CloudEurekaClient.<init>(CloudEurekaClient.java:68)
	at org.springframework.cloud.netflix.eureka.EurekaClientAutoConfiguration$RefreshableEurekaClientConfiguration.eurekaClient(EurekaClientAutoConfiguration.java:324)
	at java.base/jdk.internal.reflect.NativeMethodAccessorImpl.invoke0(Native Method)
	at java.base/jdk.internal.reflect.NativeMethodAccessorImpl.invoke(NativeMethodAccessorImpl.java:77)
	at java.base/jdk.internal.reflect.DelegatingMethodAccessorImpl.invoke(DelegatingMethodAccessorImpl.java:43)
	at java.base/java.lang.reflect.Method.invoke(Method.java:568)
	at org.springframework.beans.factory.support.SimpleInstantiationStrategy.lambda$instantiate$0(SimpleInstantiationStrategy.java:172)
	at org.springframework.beans.factory.support.SimpleInstantiationStrategy.instantiateWithFactoryMethod(SimpleInstantiationStrategy.java:89)
	at org.springframework.beans.factory.support.SimpleInstantiationStrategy.instantiate(SimpleInstantiationStrategy.java:169)
	at org.springframework.beans.factory.support.ConstructorResolver.instantiate(ConstructorResolver.java:653)
	at org.springframework.beans.factory.support.ConstructorResolver.instantiateUsingFactoryMethod(ConstructorResolver.java:645)
	at org.springframework.beans.factory.support.AbstractAutowireCapableBeanFactory.instantiateUsingFactoryMethod(AbstractAutowireCapableBeanFactory.java:1375)
	at org.springframework.beans.factory.support.AbstractAutowireCapableBeanFactory.createBeanInstance(AbstractAutowireCapableBeanFactory.java:1205)
	at org.springframework.beans.factory.support.AbstractAutowireCapableBeanFactory.doCreateBean(AbstractAutowireCapableBeanFactory.java:569)
	at org.springframework.beans.factory.support.AbstractAutowireCapableBeanFactory.createBean(AbstractAutowireCapableBeanFactory.java:529)
	at org.springframework.beans.factory.support.AbstractBeanFactory.lambda$doGetBean$1(AbstractBeanFactory.java:378)
	at org.springframework.cloud.context.scope.GenericScope$BeanLifecycleWrapper.getBean(GenericScope.java:373)
	at org.springframework.cloud.context.scope.GenericScope.get(GenericScope.java:177)
	at org.springframework.beans.factory.support.AbstractBeanFactory.doGetBean(AbstractBeanFactory.java:375)
	at org.springframework.beans.factory.support.AbstractBeanFactory.getBean(AbstractBeanFactory.java:202)
	at org.springframework.aop.target.SimpleBeanTargetSource.getTarget(SimpleBeanTargetSource.java:35)
	at org.springframework.cloud.netflix.eureka.serviceregistry.EurekaRegistration.getTargetObject(EurekaRegistration.java:128)
	at org.springframework.cloud.netflix.eureka.serviceregistry.EurekaRegistration.getEurekaClient(EurekaRegistration.java:116)
	at java.base/jdk.internal.reflect.NativeMethodAccessorImpl.invoke0(Native Method)
	at java.base/jdk.internal.reflect.NativeMethodAccessorImpl.invoke(NativeMethodAccessorImpl.java:77)
	at java.base/jdk.internal.reflect.DelegatingMethodAccessorImpl.invoke(DelegatingMethodAccessorImpl.java:43)
	at java.base/java.lang.reflect.Method.invoke(Method.java:568)
	at org.springframework.util.ReflectionUtils.invokeMethod(ReflectionUtils.java:281)
	at org.springframework.cloud.context.scope.GenericScope$LockedScopedProxyFactoryBean.invoke(GenericScope.java:480)
	at org.springframework.aop.framework.ReflectiveMethodInvocation.proceed(ReflectiveMethodInvocation.java:184)
	at org.springframework.aop.framework.CglibAopProxy$DynamicAdvisedInterceptor.intercept(CglibAopProxy.java:728)
	at org.springframework.cloud.netflix.eureka.serviceregistry.EurekaRegistration$$SpringCGLIB$$0.getEurekaClient(<generated>)
	at org.springframework.cloud.netflix.eureka.serviceregistry.EurekaServiceRegistry.maybeInitializeClient(EurekaServiceRegistry.java:83)
	at org.springframework.cloud.netflix.eureka.serviceregistry.EurekaServiceRegistry.register(EurekaServiceRegistry.java:66)
	at org.springframework.cloud.netflix.eureka.serviceregistry.EurekaAutoServiceRegistration.start(EurekaAutoServiceRegistration.java:89)
	at org.springframework.context.support.DefaultLifecycleProcessor.doStart(DefaultLifecycleProcessor.java:405)
	at org.springframework.context.support.DefaultLifecycleProcessor.doStart(DefaultLifecycleProcessor.java:394)
	at org.springframework.context.support.DefaultLifecycleProcessor$LifecycleGroup.start(DefaultLifecycleProcessor.java:586)
	at java.base/java.lang.Iterable.forEach(Iterable.java:75)
	at org.springframework.context.support.DefaultLifecycleProcessor.startBeans(DefaultLifecycleProcessor.java:364)
	at org.springframework.context.support.DefaultLifecycleProcessor.onRefresh(DefaultLifecycleProcessor.java:310)
	at org.springframework.context.support.AbstractApplicationContext.finishRefresh(AbstractApplicationContext.java:1009)
	at org.springframework.context.support.AbstractApplicationContext.refresh(AbstractApplicationContext.java:630)
	at org.springframework.boot.web.servlet.context.ServletWebServerApplicationContext.refresh(ServletWebServerApplicationContext.java:146)
	at org.springframework.boot.SpringApplication.refresh(SpringApplication.java:752)
	at org.springframework.boot.SpringApplication.refreshContext(SpringApplication.java:439)
	at org.springframework.boot.SpringApplication.run(SpringApplication.java:318)
	at org.springframework.boot.SpringApplication.run(SpringApplication.java:1361)
	at org.springframework.boot.SpringApplication.run(SpringApplication.java:1350)
	at Banking.User.Services.UserServicesApplication.main(UserServicesApplication.java:12)
	at java.base/jdk.internal.reflect.NativeMethodAccessorImpl.invoke0(Native Method)
	at java.base/jdk.internal.reflect.NativeMethodAccessorImpl.invoke(NativeMethodAccessorImpl.java:77)
	at java.base/jdk.internal.reflect.DelegatingMethodAccessorImpl.invoke(DelegatingMethodAccessorImpl.java:43)
	at java.base/java.lang.reflect.Method.invoke(Method.java:568)
	at org.springframework.boot.devtools.restart.RestartLauncher.run(RestartLauncher.java:50)

2026-01-02 13:34:35 INFO 
                [correlationId=]
                [traceId= spanId=]
                com.netflix.discovery.DiscoveryClient - Initial registry fetch from primary servers failed
2026-01-02 13:34:35 WARN 
                [correlationId=]
                [traceId= spanId=]
                com.netflix.discovery.DiscoveryClient - Using default backup registry implementation which does not do anything.
2026-01-02 13:34:35 INFO 
                [correlationId=]
                [traceId= spanId=]
                com.netflix.discovery.DiscoveryClient - Initial registry fetch from backup servers failed
2026-01-02 13:34:35 INFO 
                [correlationId=]
                [traceId= spanId=]
                com.netflix.discovery.DiscoveryClient - Starting heartbeat executor: renew interval is: 30
2026-01-02 13:34:35 INFO 
                [correlationId=]
                [traceId= spanId=]
                com.netflix.discovery.InstanceInfoReplicator - InstanceInfoReplicator onDemand update allowed rate per min is 4
2026-01-02 13:34:35 INFO 
                [correlationId=]
                [traceId= spanId=]
                com.netflix.discovery.DiscoveryClient - Discovery Client initialized at timestamp 1767341075060 with initial instances count: 0
2026-01-02 13:34:35 INFO 
                [correlationId=]
                [traceId= spanId=]
                org.springframework.cloud.netflix.eureka.serviceregistry.EurekaServiceRegistry - Registering application USER_SERVICES with eureka with status UP
2026-01-02 13:34:35 INFO 
                [correlationId=]
                [traceId= spanId=]
                com.netflix.discovery.DiscoveryClient - Saw local status change event StatusChangeEvent [timestamp=1767341075063, current=UP, previous=STARTING]
2026-01-02 13:34:35 INFO 
                [correlationId=]
                [traceId= spanId=]
                org.apache.coyote.http11.Http11NioProtocol - Starting ProtocolHandler ["http-nio-8082"]
2026-01-02 13:34:35 INFO 
                [correlationId=]
                [traceId= spanId=]
                com.netflix.discovery.DiscoveryClient - DiscoveryClient_USER_SERVICES/DESKTOP-E3FNQHB:User_Services:8082: registering service...
2026-01-02 13:34:35 INFO 
                [correlationId=]
                [traceId= spanId=]
                org.springframework.boot.web.embedded.tomcat.TomcatWebServer - Tomcat started on port 8082 (http) with context path '/'
2026-01-02 13:34:35 INFO 
                [correlationId=]
                [traceId= spanId=]
                org.springframework.cloud.netflix.eureka.serviceregistry.EurekaAutoServiceRegistration - Updating port to 8082
2026-01-02 13:34:35 INFO 
                [correlationId=]
                [traceId= spanId=]
                com.netflix.discovery.DiscoveryClient - DiscoveryClient_USER_SERVICES/DESKTOP-E3FNQHB:User_Services:8082 - registration status: 404
2026-01-02 13:34:35 INFO 
                [correlationId=]
                [traceId= spanId=]
                Banking.User.Services.UserServicesApplication - Started UserServicesApplication in 2.92 seconds (process running for 138.554)
2026-01-02 13:34:35 INFO 
                [correlationId=]
                [traceId= spanId=]
                org.springframework.boot.devtools.autoconfigure.ConditionEvaluationDeltaLoggingListener - Condition evaluation unchanged
2026-01-02 13:35:05 INFO 
                [correlationId=]
                [traceId= spanId=]
                com.netflix.discovery.DiscoveryClient - Disable delta property : false
2026-01-02 13:35:05 INFO 
                [correlationId=]
                [traceId= spanId=]
                com.netflix.discovery.DiscoveryClient - Single vip registry refresh property : null
2026-01-02 13:35:05 INFO 
                [correlationId=]
                [traceId= spanId=]
                com.netflix.discovery.DiscoveryClient - Force full registry fetch : false
2026-01-02 13:35:05 INFO 
                [correlationId=]
                [traceId= spanId=]
                com.netflix.discovery.DiscoveryClient - Application is null : false
2026-01-02 13:35:05 INFO 
                [correlationId=]
                [traceId= spanId=]
                com.netflix.discovery.DiscoveryClient - Registered Applications size is zero : true
2026-01-02 13:35:05 INFO 
                [correlationId=]
                [traceId= spanId=]
                com.netflix.discovery.DiscoveryClient - Application version is -1: true
2026-01-02 13:35:05 INFO 
                [correlationId=]
                [traceId= spanId=]
                com.netflix.discovery.DiscoveryClient - Getting all instance registry info from the eureka server
2026-01-02 13:35:05 INFO 
                [correlationId=]
                [traceId= spanId=]
                com.netflix.discovery.DiscoveryClient - DiscoveryClient_USER_SERVICES/DESKTOP-E3FNQHB:User_Services:8082 - Re-registering apps/USER_SERVICES
2026-01-02 13:35:05 WARN 
                [correlationId=]
                [traceId= spanId=]
                com.netflix.discovery.shared.transport.decorator.RetryableEurekaHttpClient - Request execution failure with status code 404; retrying on another server if available
2026-01-02 13:35:05 INFO 
                [correlationId=]
                [traceId= spanId=]
                com.netflix.discovery.DiscoveryClient - DiscoveryClient_USER_SERVICES/DESKTOP-E3FNQHB:User_Services:8082: registering service...
2026-01-02 13:35:05 INFO 
                [correlationId=]
                [traceId= spanId=]
                com.netflix.discovery.DiscoveryClient - DiscoveryClient_USER_SERVICES/DESKTOP-E3FNQHB:User_Services:8082 - was unable to refresh its cache! This periodic background refresh will be retried in 30 seconds. status = Cannot execute request on any known server stacktrace = com.netflix.discovery.shared.transport.TransportException: Cannot execute request on any known server
	at com.netflix.discovery.shared.transport.decorator.RetryableEurekaHttpClient.execute(RetryableEurekaHttpClient.java:112)
	at com.netflix.discovery.shared.transport.decorator.EurekaHttpClientDecorator.getApplications(EurekaHttpClientDecorator.java:134)
	at com.netflix.discovery.shared.transport.decorator.EurekaHttpClientDecorator$6.execute(EurekaHttpClientDecorator.java:137)
	at com.netflix.discovery.shared.transport.decorator.SessionedEurekaHttpClient.execute(SessionedEurekaHttpClient.java:76)
	at com.netflix.discovery.shared.transport.decorator.EurekaHttpClientDecorator.getApplications(EurekaHttpClientDecorator.java:134)
	at com.netflix.discovery.DiscoveryClient.getAndStoreFullRegistry(DiscoveryClient.java:1046)
	at com.netflix.discovery.DiscoveryClient.fetchRegistry(DiscoveryClient.java:961)
	at com.netflix.discovery.DiscoveryClient.refreshRegistry(DiscoveryClient.java:1474)
	at com.netflix.discovery.DiscoveryClient$CacheRefreshThread.run(DiscoveryClient.java:1442)
	at java.base/java.util.concurrent.Executors$RunnableAdapter.call(Executors.java:539)
	at java.base/java.util.concurrent.FutureTask.run(FutureTask.java:264)
	at java.base/java.util.concurrent.ThreadPoolExecutor.runWorker(ThreadPoolExecutor.java:1136)
	at java.base/java.util.concurrent.ThreadPoolExecutor$Worker.run(ThreadPoolExecutor.java:635)
	at java.base/java.lang.Thread.run(Thread.java:833)

2026-01-02 13:35:05 INFO 
                [correlationId=]
                [traceId= spanId=]
                com.netflix.discovery.DiscoveryClient - DiscoveryClient_USER_SERVICES/DESKTOP-E3FNQHB:User_Services:8082 - registration status: 404
2026-01-02 13:35:05 INFO 
                [correlationId=]
                [traceId= spanId=]
                com.netflix.discovery.DiscoveryClient - DiscoveryClient_USER_SERVICES/DESKTOP-E3FNQHB:User_Services:8082: registering service...
2026-01-02 13:35:05 INFO 
                [correlationId=]
                [traceId= spanId=]
                com.netflix.discovery.DiscoveryClient - DiscoveryClient_USER_SERVICES/DESKTOP-E3FNQHB:User_Services:8082 - registration status: 404
2026-01-02 13:35:35 INFO 
                [correlationId=]
                [traceId= spanId=]
                com.netflix.discovery.DiscoveryClient - Disable delta property : false
2026-01-02 13:35:35 INFO 
                [correlationId=]
                [traceId= spanId=]
                com.netflix.discovery.DiscoveryClient - Single vip registry refresh property : null
2026-01-02 13:35:35 INFO 
                [correlationId=]
                [traceId= spanId=]
                com.netflix.discovery.DiscoveryClient - Force full registry fetch : false
2026-01-02 13:35:35 INFO 
                [correlationId=]
                [traceId= spanId=]
                com.netflix.discovery.DiscoveryClient - Application is null : false
2026-01-02 13:35:35 INFO 
                [correlationId=]
                [traceId= spanId=]
                com.netflix.discovery.DiscoveryClient - Registered Applications size is zero : true
2026-01-02 13:35:35 INFO 
                [correlationId=]
                [traceId= spanId=]
                com.netflix.discovery.DiscoveryClient - Application version is -1: true
2026-01-02 13:35:35 INFO 
                [correlationId=]
                [traceId= spanId=]
                com.netflix.discovery.DiscoveryClient - Getting all instance registry info from the eureka server
2026-01-02 13:35:35 WARN 
                [correlationId=]
                [traceId= spanId=]
                com.netflix.discovery.shared.transport.decorator.RetryableEurekaHttpClient - Request execution failure with status code 404; retrying on another server if available
2026-01-02 13:35:35 INFO 
                [correlationId=]
                [traceId= spanId=]
                com.netflix.discovery.DiscoveryClient - DiscoveryClient_USER_SERVICES/DESKTOP-E3FNQHB:User_Services:8082 - was unable to refresh its cache! This periodic background refresh will be retried in 30 seconds. status = Cannot execute request on any known server stacktrace = com.netflix.discovery.shared.transport.TransportException: Cannot execute request on any known server
	at com.netflix.discovery.shared.transport.decorator.RetryableEurekaHttpClient.execute(RetryableEurekaHttpClient.java:112)
	at com.netflix.discovery.shared.transport.decorator.EurekaHttpClientDecorator.getApplications(EurekaHttpClientDecorator.java:134)
	at com.netflix.discovery.shared.transport.decorator.EurekaHttpClientDecorator$6.execute(EurekaHttpClientDecorator.java:137)
	at com.netflix.discovery.shared.transport.decorator.SessionedEurekaHttpClient.execute(SessionedEurekaHttpClient.java:76)
	at com.netflix.discovery.shared.transport.decorator.EurekaHttpClientDecorator.getApplications(EurekaHttpClientDecorator.java:134)
	at com.netflix.discovery.DiscoveryClient.getAndStoreFullRegistry(DiscoveryClient.java:1046)
	at com.netflix.discovery.DiscoveryClient.fetchRegistry(DiscoveryClient.java:961)
	at com.netflix.discovery.DiscoveryClient.refreshRegistry(DiscoveryClient.java:1474)
	at com.netflix.discovery.DiscoveryClient$CacheRefreshThread.run(DiscoveryClient.java:1442)
	at java.base/java.util.concurrent.Executors$RunnableAdapter.call(Executors.java:539)
	at java.base/java.util.concurrent.FutureTask.run(FutureTask.java:264)
	at java.base/java.util.concurrent.ThreadPoolExecutor.runWorker(ThreadPoolExecutor.java:1136)
	at java.base/java.util.concurrent.ThreadPoolExecutor$Worker.run(ThreadPoolExecutor.java:635)
	at java.base/java.lang.Thread.run(Thread.java:833)

2026-01-02 13:35:35 INFO 
                [correlationId=]
                [traceId= spanId=]
                com.netflix.discovery.DiscoveryClient - DiscoveryClient_USER_SERVICES/DESKTOP-E3FNQHB:User_Services:8082 - Re-registering apps/USER_SERVICES
2026-01-02 13:35:35 INFO 
                [correlationId=]
                [traceId= spanId=]
                com.netflix.discovery.DiscoveryClient - DiscoveryClient_USER_SERVICES/DESKTOP-E3FNQHB:User_Services:8082: registering service...
2026-01-02 13:35:35 INFO 
                [correlationId=]
                [traceId= spanId=]
                com.netflix.discovery.DiscoveryClient - DiscoveryClient_USER_SERVICES/DESKTOP-E3FNQHB:User_Services:8082 - registration status: 404
2026-01-02 13:35:35 INFO 
                [correlationId=]
                [traceId= spanId=]
                com.netflix.discovery.DiscoveryClient - DiscoveryClient_USER_SERVICES/DESKTOP-E3FNQHB:User_Services:8082: registering service...
2026-01-02 13:35:35 INFO 
                [correlationId=]
                [traceId= spanId=]
                com.netflix.discovery.DiscoveryClient - DiscoveryClient_USER_SERVICES/DESKTOP-E3FNQHB:User_Services:8082 - registration status: 404
2026-01-02 13:36:05 INFO 
                [correlationId=]
                [traceId= spanId=]
                com.netflix.discovery.DiscoveryClient - Disable delta property : false
2026-01-02 13:36:05 INFO 
                [correlationId=]
                [traceId= spanId=]
                com.netflix.discovery.DiscoveryClient - Single vip registry refresh property : null
2026-01-02 13:36:05 INFO 
                [correlationId=]
                [traceId= spanId=]
                com.netflix.discovery.DiscoveryClient - Force full registry fetch : false
2026-01-02 13:36:05 INFO 
                [correlationId=]
                [traceId= spanId=]
                com.netflix.discovery.DiscoveryClient - Application is null : false
2026-01-02 13:36:05 INFO 
                [correlationId=]
                [traceId= spanId=]
                com.netflix.discovery.DiscoveryClient - Registered Applications size is zero : true
2026-01-02 13:36:05 INFO 
                [correlationId=]
                [traceId= spanId=]
                com.netflix.discovery.DiscoveryClient - Application version is -1: true
2026-01-02 13:36:05 INFO 
                [correlationId=]
                [traceId= spanId=]
                com.netflix.discovery.DiscoveryClient - Getting all instance registry info from the eureka server
2026-01-02 13:36:06 INFO 
                [correlationId=]
                [traceId= spanId=]
                com.netflix.discovery.DiscoveryClient - DiscoveryClient_USER_SERVICES/DESKTOP-E3FNQHB:User_Services:8082 - Re-registering apps/USER_SERVICES
2026-01-02 13:36:06 INFO 
                [correlationId=]
                [traceId= spanId=]
                com.netflix.discovery.DiscoveryClient - DiscoveryClient_USER_SERVICES/DESKTOP-E3FNQHB:User_Services:8082: registering service...
2026-01-02 13:36:06 INFO 
                [correlationId=]
                [traceId= spanId=]
                com.netflix.discovery.DiscoveryClient - DiscoveryClient_USER_SERVICES/DESKTOP-E3FNQHB:User_Services:8082 - registration status: 404
2026-01-02 13:36:06 WARN 
                [correlationId=]
                [traceId= spanId=]
                com.netflix.discovery.shared.transport.decorator.RetryableEurekaHttpClient - Request execution failure with status code 404; retrying on another server if available
2026-01-02 13:36:06 INFO 
                [correlationId=]
                [traceId= spanId=]
                com.netflix.discovery.DiscoveryClient - DiscoveryClient_USER_SERVICES/DESKTOP-E3FNQHB:User_Services:8082 - was unable to refresh its cache! This periodic background refresh will be retried in 30 seconds. status = Cannot execute request on any known server stacktrace = com.netflix.discovery.shared.transport.TransportException: Cannot execute request on any known server
	at com.netflix.discovery.shared.transport.decorator.RetryableEurekaHttpClient.execute(RetryableEurekaHttpClient.java:112)
	at com.netflix.discovery.shared.transport.decorator.EurekaHttpClientDecorator.getApplications(EurekaHttpClientDecorator.java:134)
	at com.netflix.discovery.shared.transport.decorator.EurekaHttpClientDecorator$6.execute(EurekaHttpClientDecorator.java:137)
	at com.netflix.discovery.shared.transport.decorator.SessionedEurekaHttpClient.execute(SessionedEurekaHttpClient.java:76)
	at com.netflix.discovery.shared.transport.decorator.EurekaHttpClientDecorator.getApplications(EurekaHttpClientDecorator.java:134)
	at com.netflix.discovery.DiscoveryClient.getAndStoreFullRegistry(DiscoveryClient.java:1046)
	at com.netflix.discovery.DiscoveryClient.fetchRegistry(DiscoveryClient.java:961)
	at com.netflix.discovery.DiscoveryClient.refreshRegistry(DiscoveryClient.java:1474)
	at com.netflix.discovery.DiscoveryClient$CacheRefreshThread.run(DiscoveryClient.java:1442)
	at java.base/java.util.concurrent.Executors$RunnableAdapter.call(Executors.java:539)
	at java.base/java.util.concurrent.FutureTask.run(FutureTask.java:264)
	at java.base/java.util.concurrent.ThreadPoolExecutor.runWorker(ThreadPoolExecutor.java:1136)
	at java.base/java.util.concurrent.ThreadPoolExecutor$Worker.run(ThreadPoolExecutor.java:635)
	at java.base/java.lang.Thread.run(Thread.java:833)

2026-01-02 13:36:35 INFO 
                [correlationId=]
                [traceId= spanId=]
                com.netflix.discovery.DiscoveryClient - DiscoveryClient_USER_SERVICES/DESKTOP-E3FNQHB:User_Services:8082: registering service...
2026-01-02 13:36:35 INFO 
                [correlationId=]
                [traceId= spanId=]
                com.netflix.discovery.DiscoveryClient - DiscoveryClient_USER_SERVICES/DESKTOP-E3FNQHB:User_Services:8082 - registration status: 404
2026-01-02 13:36:36 INFO 
                [correlationId=]
                [traceId= spanId=]
                com.netflix.discovery.DiscoveryClient - Disable delta property : false
2026-01-02 13:36:36 INFO 
                [correlationId=]
                [traceId= spanId=]
                com.netflix.discovery.DiscoveryClient - Single vip registry refresh property : null
2026-01-02 13:36:36 INFO 
                [correlationId=]
                [traceId= spanId=]
                com.netflix.discovery.DiscoveryClient - Force full registry fetch : false
2026-01-02 13:36:36 INFO 
                [correlationId=]
                [traceId= spanId=]
                com.netflix.discovery.DiscoveryClient - Application is null : false
2026-01-02 13:36:36 INFO 
                [correlationId=]
                [traceId= spanId=]
                com.netflix.discovery.DiscoveryClient - Registered Applications size is zero : true
2026-01-02 13:36:36 INFO 
                [correlationId=]
                [traceId= spanId=]
                com.netflix.discovery.DiscoveryClient - Application version is -1: true
2026-01-02 13:36:36 INFO 
                [correlationId=]
                [traceId= spanId=]
                com.netflix.discovery.DiscoveryClient - Getting all instance registry info from the eureka server
2026-01-02 13:36:36 INFO 
                [correlationId=]
                [traceId= spanId=]
                com.netflix.discovery.DiscoveryClient - DiscoveryClient_USER_SERVICES/DESKTOP-E3FNQHB:User_Services:8082 - Re-registering apps/USER_SERVICES
2026-01-02 13:36:36 INFO 
                [correlationId=]
                [traceId= spanId=]
                com.netflix.discovery.DiscoveryClient - DiscoveryClient_USER_SERVICES/DESKTOP-E3FNQHB:User_Services:8082: registering service...
2026-01-02 13:36:36 INFO 
                [correlationId=]
                [traceId= spanId=]
                com.netflix.discovery.DiscoveryClient - DiscoveryClient_USER_SERVICES/DESKTOP-E3FNQHB:User_Services:8082 - registration status: 404
2026-01-02 13:36:36 WARN 
                [correlationId=]
                [traceId= spanId=]
                com.netflix.discovery.shared.transport.decorator.RetryableEurekaHttpClient - Request execution failure with status code 404; retrying on another server if available
2026-01-02 13:36:36 INFO 
                [correlationId=]
                [traceId= spanId=]
                com.netflix.discovery.DiscoveryClient - DiscoveryClient_USER_SERVICES/DESKTOP-E3FNQHB:User_Services:8082 - was unable to refresh its cache! This periodic background refresh will be retried in 30 seconds. status = Cannot execute request on any known server stacktrace = com.netflix.discovery.shared.transport.TransportException: Cannot execute request on any known server
	at com.netflix.discovery.shared.transport.decorator.RetryableEurekaHttpClient.execute(RetryableEurekaHttpClient.java:112)
	at com.netflix.discovery.shared.transport.decorator.EurekaHttpClientDecorator.getApplications(EurekaHttpClientDecorator.java:134)
	at com.netflix.discovery.shared.transport.decorator.EurekaHttpClientDecorator$6.execute(EurekaHttpClientDecorator.java:137)
	at com.netflix.discovery.shared.transport.decorator.SessionedEurekaHttpClient.execute(SessionedEurekaHttpClient.java:76)
	at com.netflix.discovery.shared.transport.decorator.EurekaHttpClientDecorator.getApplications(EurekaHttpClientDecorator.java:134)
	at com.netflix.discovery.DiscoveryClient.getAndStoreFullRegistry(DiscoveryClient.java:1046)
	at com.netflix.discovery.DiscoveryClient.fetchRegistry(DiscoveryClient.java:961)
	at com.netflix.discovery.DiscoveryClient.refreshRegistry(DiscoveryClient.java:1474)
	at com.netflix.discovery.DiscoveryClient$CacheRefreshThread.run(DiscoveryClient.java:1442)
	at java.base/java.util.concurrent.Executors$RunnableAdapter.call(Executors.java:539)
	at java.base/java.util.concurrent.FutureTask.run(FutureTask.java:264)
	at java.base/java.util.concurrent.ThreadPoolExecutor.runWorker(ThreadPoolExecutor.java:1136)
	at java.base/java.util.concurrent.ThreadPoolExecutor$Worker.run(ThreadPoolExecutor.java:635)
	at java.base/java.lang.Thread.run(Thread.java:833)

2026-01-02 13:37:05 INFO 
                [correlationId=]
                [traceId= spanId=]
                com.netflix.discovery.DiscoveryClient - DiscoveryClient_USER_SERVICES/DESKTOP-E3FNQHB:User_Services:8082: registering service...
2026-01-02 13:37:05 INFO 
                [correlationId=]
                [traceId= spanId=]
                com.netflix.discovery.DiscoveryClient - DiscoveryClient_USER_SERVICES/DESKTOP-E3FNQHB:User_Services:8082 - registration status: 404
2026-01-02 13:37:06 INFO 
                [correlationId=]
                [traceId= spanId=]
                com.netflix.discovery.DiscoveryClient - DiscoveryClient_USER_SERVICES/DESKTOP-E3FNQHB:User_Services:8082 - Re-registering apps/USER_SERVICES
2026-01-02 13:37:06 INFO 
                [correlationId=]
                [traceId= spanId=]
                com.netflix.discovery.DiscoveryClient - DiscoveryClient_USER_SERVICES/DESKTOP-E3FNQHB:User_Services:8082: registering service...
2026-01-02 13:37:06 INFO 
                [correlationId=]
                [traceId= spanId=]
                com.netflix.discovery.DiscoveryClient - DiscoveryClient_USER_SERVICES/DESKTOP-E3FNQHB:User_Services:8082 - registration status: 404
2026-01-02 13:37:06 INFO 
                [correlationId=]
                [traceId= spanId=]
                com.netflix.discovery.DiscoveryClient - Disable delta property : false
2026-01-02 13:37:06 INFO 
                [correlationId=]
                [traceId= spanId=]
                com.netflix.discovery.DiscoveryClient - Single vip registry refresh property : null
2026-01-02 13:37:06 INFO 
                [correlationId=]
                [traceId= spanId=]
                com.netflix.discovery.DiscoveryClient - Force full registry fetch : false
2026-01-02 13:37:06 INFO 
                [correlationId=]
                [traceId= spanId=]
                com.netflix.discovery.DiscoveryClient - Application is null : false
2026-01-02 13:37:06 INFO 
                [correlationId=]
                [traceId= spanId=]
                com.netflix.discovery.DiscoveryClient - Registered Applications size is zero : true
2026-01-02 13:37:06 INFO 
                [correlationId=]
                [traceId= spanId=]
                com.netflix.discovery.DiscoveryClient - Application version is -1: true
2026-01-02 13:37:06 INFO 
                [correlationId=]
                [traceId= spanId=]
                com.netflix.discovery.DiscoveryClient - Getting all instance registry info from the eureka server
2026-01-02 13:37:06 WARN 
                [correlationId=]
                [traceId= spanId=]
                com.netflix.discovery.shared.transport.decorator.RetryableEurekaHttpClient - Request execution failure with status code 404; retrying on another server if available
2026-01-02 13:37:06 INFO 
                [correlationId=]
                [traceId= spanId=]
                com.netflix.discovery.DiscoveryClient - DiscoveryClient_USER_SERVICES/DESKTOP-E3FNQHB:User_Services:8082 - was unable to refresh its cache! This periodic background refresh will be retried in 30 seconds. status = Cannot execute request on any known server stacktrace = com.netflix.discovery.shared.transport.TransportException: Cannot execute request on any known server
	at com.netflix.discovery.shared.transport.decorator.RetryableEurekaHttpClient.execute(RetryableEurekaHttpClient.java:112)
	at com.netflix.discovery.shared.transport.decorator.EurekaHttpClientDecorator.getApplications(EurekaHttpClientDecorator.java:134)
	at com.netflix.discovery.shared.transport.decorator.EurekaHttpClientDecorator$6.execute(EurekaHttpClientDecorator.java:137)
	at com.netflix.discovery.shared.transport.decorator.SessionedEurekaHttpClient.execute(SessionedEurekaHttpClient.java:76)
	at com.netflix.discovery.shared.transport.decorator.EurekaHttpClientDecorator.getApplications(EurekaHttpClientDecorator.java:134)
	at com.netflix.discovery.DiscoveryClient.getAndStoreFullRegistry(DiscoveryClient.java:1046)
	at com.netflix.discovery.DiscoveryClient.fetchRegistry(DiscoveryClient.java:961)
	at com.netflix.discovery.DiscoveryClient.refreshRegistry(DiscoveryClient.java:1474)
	at com.netflix.discovery.DiscoveryClient$CacheRefreshThread.run(DiscoveryClient.java:1442)
	at java.base/java.util.concurrent.Executors$RunnableAdapter.call(Executors.java:539)
	at java.base/java.util.concurrent.FutureTask.run(FutureTask.java:264)
	at java.base/java.util.concurrent.ThreadPoolExecutor.runWorker(ThreadPoolExecutor.java:1136)
	at java.base/java.util.concurrent.ThreadPoolExecutor$Worker.run(ThreadPoolExecutor.java:635)
	at java.base/java.lang.Thread.run(Thread.java:833)

2026-01-02 13:37:18 INFO 
                [correlationId=]
                [traceId= spanId=]
                org.springframework.boot.devtools.autoconfigure.LocalDevToolsAutoConfiguration$RestartingClassPathChangeChangedEventListener - Restarting due to 3 class path changes (0 additions, 0 deletions, 3 modifications)
2026-01-02 13:37:19 INFO 
                [correlationId=]
                [traceId= spanId=]
                org.springframework.cloud.netflix.eureka.serviceregistry.EurekaServiceRegistry - Unregistering application USER_SERVICES with eureka with status DOWN
2026-01-02 13:37:19 INFO 
                [correlationId=]
                [traceId= spanId=]
                org.springframework.boot.admin.SpringApplicationAdminMXBeanRegistrar$SpringApplicationAdmin - Application shutdown requested.
2026-01-02 13:37:19 INFO 
                [correlationId=]
                [traceId= spanId=]
                com.netflix.discovery.DiscoveryClient - Saw local status change event StatusChangeEvent [timestamp=1767341239143, current=DOWN, previous=UP]
2026-01-02 13:37:19 INFO 
                [correlationId=]
                [traceId= spanId=]
                com.netflix.discovery.DiscoveryClient - DiscoveryClient_USER_SERVICES/DESKTOP-E3FNQHB:User_Services:8082: registering service...
2026-01-02 13:37:19 INFO 
                [correlationId=]
                [traceId= spanId=]
                com.netflix.discovery.DiscoveryClient - DiscoveryClient_USER_SERVICES/DESKTOP-E3FNQHB:User_Services:8082 - registration status: 404
2026-01-02 13:37:19 INFO 
                [correlationId=]
                [traceId= spanId=]
                org.springframework.boot.web.embedded.tomcat.GracefulShutdown - Commencing graceful shutdown. Waiting for active requests to complete
2026-01-02 13:37:19 INFO 
                [correlationId=]
                [traceId= spanId=]
                org.apache.coyote.http11.Http11NioProtocol - Pausing ProtocolHandler ["http-nio-8082"]
2026-01-02 13:37:21 INFO 
                [correlationId=]
                [traceId= spanId=]
                org.springframework.boot.web.embedded.tomcat.GracefulShutdown - Graceful shutdown complete
2026-01-02 13:37:21 INFO 
                [correlationId=]
                [traceId= spanId=]
                org.apache.coyote.http11.Http11NioProtocol - Stopping ProtocolHandler ["http-nio-8082"]
2026-01-02 13:37:21 INFO 
                [correlationId=]
                [traceId= spanId=]
                org.springframework.boot.admin.SpringApplicationAdminMXBeanRegistrar$SpringApplicationAdmin - Application shutdown requested.
2026-01-02 13:37:23 INFO 
                [correlationId=]
                [traceId= spanId=]
                org.springframework.orm.jpa.LocalContainerEntityManagerFactoryBean - Closing JPA EntityManagerFactory for persistence unit 'default'
2026-01-02 13:37:23 INFO 
                [correlationId=]
                [traceId= spanId=]
                com.zaxxer.hikari.HikariDataSource - HikariPool-2 - Shutdown initiated...
2026-01-02 17:56:19 INFO 
                [correlationId=]
                [traceId= spanId=]
                org.hibernate.validator.internal.util.Version - HV000001: Hibernate Validator 8.0.3.Final
2026-01-02 17:56:19 INFO 
                [correlationId=]
                [traceId= spanId=]
                Banking.User.Services.UserServicesApplication - Starting UserServicesApplication using Java 17.0.3.1 with PID 25928 (C:\Users\akash\Documents\workspace-spring-tools-for-eclipse-4.32.2.RELEASE\Banking\User_Services\target\classes started by akash in C:\Users\akash\Documents\workspace-spring-tools-for-eclipse-4.32.2.RELEASE\Banking\User_Services)
2026-01-02 17:56:19 INFO 
                [correlationId=]
                [traceId= spanId=]
                Banking.User.Services.UserServicesApplication - No active profile set, falling back to 1 default profile: "default"
2026-01-02 17:56:20 INFO 
                [correlationId=]
                [traceId= spanId=]
                org.springframework.cloud.config.client.ConfigServerConfigDataLoader - Fetching config from server at : http://localhost:8002
2026-01-02 17:56:20 INFO 
                [correlationId=]
                [traceId= spanId=]
                org.springframework.cloud.config.client.ConfigServerConfigDataLoader - Located environment: name=User_Services, profiles=[default], label=null, version=8d4a2f81f87e7c5e79df7569ee3397f7e8b965be, state=
2026-01-02 17:56:20 INFO 
                [correlationId=]
                [traceId= spanId=]
                org.springframework.boot.devtools.env.DevToolsPropertyDefaultsPostProcessor - Devtools property defaults active! Set 'spring.devtools.add-properties' to 'false' to disable
2026-01-02 17:56:20 INFO 
                [correlationId=]
                [traceId= spanId=]
                org.springframework.boot.devtools.env.DevToolsPropertyDefaultsPostProcessor - For additional web related logging consider setting the 'logging.level.web' property to 'DEBUG'
2026-01-02 17:56:21 INFO 
                [correlationId=]
                [traceId= spanId=]
                org.springframework.data.repository.config.RepositoryConfigurationDelegate - Multiple Spring Data modules found, entering strict repository configuration mode
2026-01-02 17:56:21 INFO 
                [correlationId=]
                [traceId= spanId=]
                org.springframework.data.repository.config.RepositoryConfigurationDelegate - Bootstrapping Spring Data JPA repositories in DEFAULT mode.
2026-01-02 17:56:22 INFO 
                [correlationId=]
                [traceId= spanId=]
                org.springframework.data.repository.config.RepositoryConfigurationDelegate - Finished Spring Data repository scanning in 256 ms. Found 2 JPA repository interfaces.
2026-01-02 17:56:22 INFO 
                [correlationId=]
                [traceId= spanId=]
                org.springframework.data.repository.config.RepositoryConfigurationDelegate - Multiple Spring Data modules found, entering strict repository configuration mode
2026-01-02 17:56:22 INFO 
                [correlationId=]
                [traceId= spanId=]
                org.springframework.data.repository.config.RepositoryConfigurationDelegate - Bootstrapping Spring Data Redis repositories in DEFAULT mode.
2026-01-02 17:56:22 INFO 
                [correlationId=]
                [traceId= spanId=]
                org.springframework.data.repository.config.RepositoryConfigurationExtensionSupport - Spring Data Redis - Could not safely identify store assignment for repository candidate interface Banking.User.Services.repository.UserCredentialRepository; If you want this repository to be a Redis repository, consider annotating your entities with one of these annotations: org.springframework.data.redis.core.RedisHash (preferred), or consider extending one of the following types with your repository: org.springframework.data.keyvalue.repository.KeyValueRepository
2026-01-02 17:56:22 INFO 
                [correlationId=]
                [traceId= spanId=]
                org.springframework.data.repository.config.RepositoryConfigurationExtensionSupport - Spring Data Redis - Could not safely identify store assignment for repository candidate interface Banking.User.Services.repository.User_service_repository; If you want this repository to be a Redis repository, consider annotating your entities with one of these annotations: org.springframework.data.redis.core.RedisHash (preferred), or consider extending one of the following types with your repository: org.springframework.data.keyvalue.repository.KeyValueRepository
2026-01-02 17:56:22 INFO 
                [correlationId=]
                [traceId= spanId=]
                org.springframework.data.repository.config.RepositoryConfigurationDelegate - Finished Spring Data repository scanning in 16 ms. Found 0 Redis repository interfaces.
2026-01-02 17:56:22 INFO 
                [correlationId=]
                [traceId= spanId=]
                org.springframework.cloud.context.scope.GenericScope - BeanFactory id=9fde7580-6d59-37e7-affe-3bd4014fb0a9
2026-01-02 17:56:23 INFO 
                [correlationId=]
                [traceId= spanId=]
                org.springframework.boot.web.embedded.tomcat.TomcatWebServer - Tomcat initialized with port 8082 (http)
2026-01-02 17:56:24 INFO 
                [correlationId=]
                [traceId= spanId=]
                org.apache.coyote.http11.Http11NioProtocol - Initializing ProtocolHandler ["http-nio-8082"]
2026-01-02 17:56:24 INFO 
                [correlationId=]
                [traceId= spanId=]
                org.apache.catalina.core.StandardService - Starting service [Tomcat]
2026-01-02 17:56:24 INFO 
                [correlationId=]
                [traceId= spanId=]
                org.apache.catalina.core.StandardEngine - Starting Servlet engine: [Apache Tomcat/10.1.50]
2026-01-02 17:56:24 INFO 
                [correlationId=]
                [traceId= spanId=]
                org.apache.catalina.core.ContainerBase.[Tomcat].[localhost].[/] - Initializing Spring embedded WebApplicationContext
2026-01-02 17:56:24 INFO 
                [correlationId=]
                [traceId= spanId=]
                org.springframework.boot.web.servlet.context.ServletWebServerApplicationContext - Root WebApplicationContext: initialization completed in 4137 ms
2026-01-02 17:56:25 INFO 
                [correlationId=]
                [traceId= spanId=]
                org.hibernate.jpa.internal.util.LogHelper - HHH000204: Processing PersistenceUnitInfo [name: default]
2026-01-02 17:56:25 INFO 
                [correlationId=]
                [traceId= spanId=]
                org.hibernate.Version - HHH000412: Hibernate ORM core version 6.6.39.Final
2026-01-02 17:56:25 INFO 
                [correlationId=]
                [traceId= spanId=]
                org.hibernate.cache.internal.RegionFactoryInitiator - HHH000026: Second-level cache disabled
2026-01-02 17:56:25 INFO 
                [correlationId=]
                [traceId= spanId=]
                org.springframework.orm.jpa.persistenceunit.SpringPersistenceUnitInfo - No LoadTimeWeaver setup: ignoring JPA class transformer
2026-01-02 17:56:25 INFO 
                [correlationId=]
                [traceId= spanId=]
                com.zaxxer.hikari.HikariDataSource - HikariPool-1 - Starting...
2026-01-02 17:56:26 INFO 
                [correlationId=]
                [traceId= spanId=]
                com.zaxxer.hikari.pool.HikariPool - HikariPool-1 - Added connection com.mysql.cj.jdbc.ConnectionImpl@4147a655
2026-01-02 17:56:26 INFO 
                [correlationId=]
                [traceId= spanId=]
                com.zaxxer.hikari.HikariDataSource - HikariPool-1 - Start completed.
2026-01-02 17:56:26 INFO 
                [correlationId=]
                [traceId= spanId=]
                org.hibernate.orm.connections.pooling - HHH10001005: Database info:
	Database JDBC URL [Connecting through datasource 'HikariDataSource (HikariPool-1)']
	Database driver: undefined/unknown
	Database version: 8.0.33
	Autocommit mode: undefined/unknown
	Isolation level: undefined/unknown
	Minimum pool size: undefined/unknown
	Maximum pool size: undefined/unknown
2026-01-02 17:56:27 INFO 
                [correlationId=]
                [traceId= spanId=]
                org.hibernate.engine.transaction.jta.platform.internal.JtaPlatformInitiator - HHH000489: No JTA platform available (set 'hibernate.transaction.jta.platform' to enable JTA platform integration)
2026-01-02 17:56:27 INFO 
                [correlationId=]
                [traceId= spanId=]
                org.springframework.orm.jpa.LocalContainerEntityManagerFactoryBean - Initialized JPA EntityManagerFactory for persistence unit 'default'
2026-01-02 17:56:28 WARN 
                [correlationId=]
                [traceId= spanId=]
                org.springframework.boot.autoconfigure.orm.jpa.JpaBaseConfiguration$JpaWebConfiguration - spring.jpa.open-in-view is enabled by default. Therefore, database queries may be performed during view rendering. Explicitly configure spring.jpa.open-in-view to disable this warning
2026-01-02 17:56:29 INFO 
                [correlationId=]
                [traceId= spanId=]
                org.springframework.boot.devtools.autoconfigure.OptionalLiveReloadServer - LiveReload server is running on port 35729
2026-01-02 17:56:29 INFO 
                [correlationId=]
                [traceId= spanId=]
                org.springframework.boot.actuate.endpoint.web.EndpointLinksResolver - Exposing 1 endpoint beneath base path '/actuator'
2026-01-02 17:56:29 INFO 
                [correlationId=]
                [traceId= spanId=]
                org.apache.coyote.http11.Http11NioProtocol - Starting ProtocolHandler ["http-nio-8082"]
2026-01-02 17:56:29 INFO 
                [correlationId=]
                [traceId= spanId=]
                org.springframework.boot.web.embedded.tomcat.TomcatWebServer - Tomcat started on port 8082 (http) with context path '/'
2026-01-02 17:56:29 INFO 
                [correlationId=]
                [traceId= spanId=]
                Banking.User.Services.UserServicesApplication - Started UserServicesApplication in 14.866 seconds (process running for 15.838)
2026-01-02 17:56:30 INFO 
                [correlationId=]
                [traceId= spanId=]
                org.apache.catalina.core.ContainerBase.[Tomcat].[localhost].[/] - Initializing Spring DispatcherServlet 'dispatcherServlet'
2026-01-02 17:56:30 INFO 
                [correlationId=]
                [traceId= spanId=]
                org.springframework.web.servlet.DispatcherServlet - Initializing Servlet 'dispatcherServlet'
2026-01-02 17:56:30 INFO 
                [correlationId=]
                [traceId= spanId=]
                org.springframework.web.servlet.DispatcherServlet - Completed initialization in 1 ms
2026-01-02 21:10:39 WARN 
                [correlationId=]
                [traceId= spanId=]
                com.zaxxer.hikari.pool.HikariPool - HikariPool-1 - Thread starvation or clock leap detected (housekeeper delta=51m11s176ms449µs800ns).
